=== I/O Overlap Benchmark ===
k=10, ef=50, num_queries=200
Blocks: 8932, block_size=65536

[1] Building HNSW baseline...
[DiskHNSW] Loading graph structure (slim) from output/test1m_graph.bin...
  [slim] Loading vectors for 63002 upper-layer nodes (30MB, skipping 488MB)
  [slim] Loaded graph structure from output/test1m_graph.bin (1000000 nodes, 63002 upper)
[DiskHNSW] Graph: 1000000 nodes, dim=128, max_level=5, entry_point=572119
[DiskHNSW] Loading BFS order from output/test1m_bfs.bin...
[DiskHNSW] BFS mapping loaded: 1000000 entries
[DiskHNSW] Initializing BlockCache...
[BfsLayoutProvider] Loaded route table: 1000000 entries, 8932 blocks
[BlockCache] Initialized: block_size=65536, num_blocks=8932, cache_slots=8932, dim=128, layout=bfs, policy=lru, io_mode=cached

[F0] Full-memory...
[DiskHNSW] Loading graph structure (slim) from output/test1m_graph.bin...
  [slim] Loading vectors for 63002 upper-layer nodes (30MB, skipping 488MB)
  [slim] Loaded graph structure from output/test1m_graph.bin (1000000 nodes, 63002 upper)
[DiskHNSW] Graph: 1000000 nodes, dim=128, max_level=5, entry_point=572119
[DiskHNSW] Loading BFS order from output/test1m_bfs.bin...
[DiskHNSW] BFS mapping loaded: 1000000 entries
[DiskHNSW] Initializing BlockCache...
[BfsLayoutProvider] Loaded route table: 1000000 entries, 8932 blocks
[BlockCache] Initialized: block_size=65536, num_blocks=8932, cache_slots=8932, dim=128, layout=bfs, policy=lru, io_mode=cached

=== F0: Full-mem ===
  Recall@HNSW:  100%
  Mean:         3.00253 ms
  P50:          2.64683 ms
  P95:          5.13171 ms
  P99:          8.04876 ms
  QPS:          333.008
  Cache hit:    97.4059%
  RSS:          651 MB

[F2-single] c1024+GP, blocking search...
[BfsLayoutProvider] Loaded route table: 1000000 entries, 8932 blocks
[BlockCache] Initialized: block_size=65536, num_blocks=8932, cache_slots=1024, dim=128, layout=bfs, policy=lru, io_mode=direct
[DiskHNSW] Loading graph structure (slim) from output/test1m_graph.bin...
  [slim] Loading vectors for 63002 upper-layer nodes (30MB, skipping 488MB)
  [slim] Loaded graph structure from output/test1m_graph.bin (1000000 nodes, 63002 upper)
[DiskHNSW] Graph: 1000000 nodes, dim=128, max_level=5, entry_point=572119
[DiskHNSW] Loading BFS order from output/test1m_bfs.bin...
[DiskHNSW] BFS mapping loaded: 1000000 entries
[DiskHNSW] BlockCache (pluggable) initialized
[GraphPrefetcher] Initialized: ring_size=512, block_size=65536, odirect=yes, fd=3
[DiskHNSW] Graph-guided prefetch enabled (io_uring, odirect=yes)

=== F2-single: c1024+GP (blocking) ===
  Recall@HNSW:  100%
  Mean:         66.9684 ms
  P50:          65.3605 ms
  P95:          87.5822 ms
  P99:          106.249 ms
  QPS:          14.9323
  Cache hit:    65.2294%
  RSS:          170 MB
  Graph PF:     submitted=172086 skipped=118078 failed=0

[F2-batch-4] c1024+GP, batch non-blocking (bs=4)...
[BfsLayoutProvider] Loaded route table: 1000000 entries, 8932 blocks
[BlockCache] Initialized: block_size=65536, num_blocks=8932, cache_slots=1024, dim=128, layout=bfs, policy=lru, io_mode=direct
[DiskHNSW] Loading graph structure (slim) from output/test1m_graph.bin...
  [slim] Loading vectors for 63002 upper-layer nodes (30MB, skipping 488MB)
  [slim] Loaded graph structure from output/test1m_graph.bin (1000000 nodes, 63002 upper)
[DiskHNSW] Graph: 1000000 nodes, dim=128, max_level=5, entry_point=572119
[DiskHNSW] Loading BFS order from output/test1m_bfs.bin...
[DiskHNSW] BFS mapping loaded: 1000000 entries
[DiskHNSW] BlockCache (pluggable) initialized
[GraphPrefetcher] Initialized: ring_size=512, block_size=65536, odirect=yes, fd=3
[DiskHNSW] Graph-guided prefetch enabled (io_uring, odirect=yes)

=== F2-batch-4: c1024+GP (non-blocking) ===
  Recall@HNSW:  100%
  Mean:         52.4377 ms
  P50:          50.9473 ms
  P95:          75.2928 ms
  P99:          84.0165 ms
  QPS:          19.0702
  Cache hit:    65.2294%
  RSS:          170 MB
  Graph PF:     submitted=172086 skipped=118078 failed=0


=== SUMMARY ===
| Config | Mean(ms) | P99(ms) | QPS | Hit% | R@HNSW | PF_sub | PF_skip | PF_fail |
|--------|----------|---------|-----|------|--------|-------------|------------|
| F0: Full-mem | 3.00253 | 8.04876 | 333.008 | 97.4059 | 100 | 0 | 0 | 0 |
| F2-single: c1024+GP (blocking) | 66.9684 | 106.249 | 14.9323 | 65.2294 | 100 | 172086 | 118078 | 0 |
| F2-batch-4: c1024+GP (non-blocking) | 52.4377 | 84.0165 | 19.0702 | 65.2294 | 100 | 172086 | 118078 | 0 |
