=== D4 Graph Prefetch Benchmark ===
k=10, ef=50

[1] Loading data...
  Base: 1000000, Query: 200, dim=128
  Blocks: 2225, block_size=262144

[2] F0: Full-memory (cache=2225)...
[DiskHNSW] Loading graph structure (slim) from output/test1m_graph.bin...
  [slim] Loading vectors for 63002 upper-layer nodes (30MB, skipping 488MB)
  [slim] Loaded graph structure from output/test1m_graph.bin (1000000 nodes, 63002 upper)
[DiskHNSW] Graph: 1000000 nodes, dim=128, max_level=5, entry_point=572119
[DiskHNSW] Loading BFS order from output/test1m_bfs.bin...
[DiskHNSW] BFS mapping loaded: 1000000 entries
[DiskHNSW] Initializing BlockCache...
[BfsLayoutProvider] Loaded route table: 1000000 entries, 2225 blocks
[BlockCache] Initialized: block_size=262144, num_blocks=2225, cache_slots=2225, dim=128, layout=bfs, policy=lru, io_mode=cached

=== F0: Full ===
  Recall@GT:    32.35%
  Recall@HNSW:  100%
  Mean:         1085.71 us (1.08571 ms)
  P50:          1053.94 us
  P95:          1340.33 us
  P99:          1478.65 us
  QPS:          921.005
  Cache hit:    100%
  RSS:          611 MB

[3] F1: OD c1024, no prefetch...
[BfsLayoutProvider] Loaded route table: 1000000 entries, 2225 blocks
[BlockCache] Initialized: block_size=262144, num_blocks=2225, cache_slots=1024, dim=128, layout=bfs, policy=lru, io_mode=direct
[DiskHNSW] Loading graph structure (slim) from output/test1m_graph.bin...
  [slim] Loading vectors for 63002 upper-layer nodes (30MB, skipping 488MB)
  [slim] Loaded graph structure from output/test1m_graph.bin (1000000 nodes, 63002 upper)
[DiskHNSW] Graph: 1000000 nodes, dim=128, max_level=5, entry_point=572119
[DiskHNSW] Loading BFS order from output/test1m_bfs.bin...
[DiskHNSW] BFS mapping loaded: 1000000 entries
[DiskHNSW] BlockCache (pluggable) initialized

=== F1: c1024 ===
  Recall@GT:    32.35%
  Recall@HNSW:  100%
  Mean:         34222.2 us (34.2222 ms)
  P50:          33324.9 us
  P95:          50623.8 us
  P99:          58752 us
  QPS:          29.2206
  Cache hit:    27.349%
  RSS:          368 MB

[4] F2: OD c1024 + graph prefetch...
[BfsLayoutProvider] Loaded route table: 1000000 entries, 2225 blocks
[BlockCache] Initialized: block_size=262144, num_blocks=2225, cache_slots=1024, dim=128, layout=bfs, policy=lru, io_mode=direct
[DiskHNSW] Loading graph structure (slim) from output/test1m_graph.bin...
  [slim] Loading vectors for 63002 upper-layer nodes (30MB, skipping 488MB)
  [slim] Loaded graph structure from output/test1m_graph.bin (1000000 nodes, 63002 upper)
[DiskHNSW] Graph: 1000000 nodes, dim=128, max_level=5, entry_point=572119
[DiskHNSW] Loading BFS order from output/test1m_bfs.bin...
[DiskHNSW] BFS mapping loaded: 1000000 entries
[DiskHNSW] BlockCache (pluggable) initialized
[GraphPrefetcher] Initialized: ring_size=128, block_size=262144, odirect=yes, fd=3
[DiskHNSW] Graph-guided prefetch enabled (io_uring, odirect=yes)

=== F2: c1024+gp ===
  Recall@GT:    32.35%
  Recall@HNSW:  100%
  Mean:         18209.5 us (18.2095 ms)
  P50:          18137.6 us
  P95:          24280.7 us
  P99:          28406.2 us
  QPS:          54.916
  Cache hit:    95.9576%
  RSS:          378 MB
  Graph PF:     submitted=24544 completed=24544 skipped=274025

  --- GraphPrefetcher Detailed Stats ---
  submit_calls:     8491
  total_submit_us:  980511 (avg=115.477 us/call)
  reap_calls:       28055
  total_reap_us:    1.4747e+06 (avg=52.5645 us/call)
  wait_calls:       19590
  total_wait_us:    2.50468e+06 (avg=127.855 us/call)
  total_pf_time_us: 4.95989e+06 (4959.89 ms)
  submitted:        24544
  completed:        24544
  failed:           0
  skipped:          274025

[6] F4: OD c512, no prefetch...
[BfsLayoutProvider] Loaded route table: 1000000 entries, 2225 blocks
[BlockCache] Initialized: block_size=262144, num_blocks=2225, cache_slots=512, dim=128, layout=bfs, policy=lru, io_mode=direct
[DiskHNSW] Loading graph structure (slim) from output/test1m_graph.bin...
  [slim] Loading vectors for 63002 upper-layer nodes (30MB, skipping 488MB)
  [slim] Loaded graph structure from output/test1m_graph.bin (1000000 nodes, 63002 upper)
[DiskHNSW] Graph: 1000000 nodes, dim=128, max_level=5, entry_point=572119
[DiskHNSW] Loading BFS order from output/test1m_bfs.bin...
[DiskHNSW] BFS mapping loaded: 1000000 entries
[DiskHNSW] BlockCache (pluggable) initialized

=== F4: c512 ===
  Recall@GT:    32.35%
  Recall@HNSW:  100%
  Mean:         114456 us (114.456 ms)
  P50:          111094 us
  P95:          165223 us
  P99:          204162 us
  QPS:          8.73699
  Cache hit:    26.8225%
  RSS:          233 MB

[7] F5: OD c512 + graph prefetch...
[BfsLayoutProvider] Loaded route table: 1000000 entries, 2225 blocks
[BlockCache] Initialized: block_size=262144, num_blocks=2225, cache_slots=512, dim=128, layout=bfs, policy=lru, io_mode=direct
[DiskHNSW] Loading graph structure (slim) from output/test1m_graph.bin...
  [slim] Loading vectors for 63002 upper-layer nodes (30MB, skipping 488MB)
  [slim] Loaded graph structure from output/test1m_graph.bin (1000000 nodes, 63002 upper)
[DiskHNSW] Graph: 1000000 nodes, dim=128, max_level=5, entry_point=572119
[DiskHNSW] Loading BFS order from output/test1m_bfs.bin...
[DiskHNSW] BFS mapping loaded: 1000000 entries
[DiskHNSW] BlockCache (pluggable) initialized
[GraphPrefetcher] Initialized: ring_size=128, block_size=262144, odirect=yes, fd=3
[DiskHNSW] Graph-guided prefetch enabled (io_uring, odirect=yes)

=== F5: c512+gp ===
  Recall@GT:    32.35%
  Recall@HNSW:  100%
  Mean:         51768.8 us (51.7688 ms)
  P50:          50963.2 us
  P95:          68100.7 us
  P99:          78567.6 us
  QPS:          19.3166
  Cache hit:    96.1801%
  RSS:          245 MB
  Graph PF:     submitted=77696 completed=77696 skipped=220873


========== D4 Graph Prefetch Benchmark ==========

| Config | Mean(ms) | P99(ms) | QPS | Hit% | RSS(MB) | Cache(MB) | R@HNSW | PF Mode |
|--------|----------|---------|-----|------|---------|-----------|--------|---------|
| F0: Full | 1.09 | 1.48 | 921.0 | 100.0 | 611 | 556 | 100.00% | none |
| F1: c1024 | 34.22 | 58.75 | 29.2 | 27.3 | 368 | 256 | 100.00% | none |
| F2: c1024+gp | 18.21 | 28.41 | 54.9 | 96.0 | 378 | 256 | 100.00% | graph |
| F4: c512 | 114.46 | 204.16 | 8.7 | 26.8 | 233 | 128 | 100.00% | none |
| F5: c512+gp | 51.77 | 78.57 | 19.3 | 96.2 | 245 | 128 | 100.00% | graph |

Relative to F0 (full-memory):
| Config | Latency(x) | QPS(%) | RSS(MB) | Mem Saved |
|--------|-----------|--------|---------|-----------|
| F0: Full | 1.00x | 100.00% | 611 | 0.00% |
| F1: c1024 | 31.52x | 3.17% | 368 | 39.77% |
| F2: c1024+gp | 16.77x | 5.96% | 378 | 38.13% |
| F4: c512 | 105.42x | 0.95% | 233 | 61.87% |
| F5: c512+gp | 47.68x | 2.10% | 245 | 59.90% |

Prefetch effectiveness:
| Pair | No-PF Mean(ms) | PF Mean(ms) | Speedup | Hit% No-PF | Hit% PF | PF Submitted | PF Completed |
|------|----------------|-------------|---------|------------|---------|---------------|--------------|
| F1: c1024 vs F2: c1024+gp | 34.22 | 18.21 | 1.88x | 27.35 | 95.96 | 24544 | 24544 |
| F4: c512 vs F5: c512+gp | 114.46 | 51.77 | 2.21x | 26.82 | 96.18 | 77696 | 77696 |

===============================================

JSON saved to logs/d4_prefetch_benchmark.json
