=== D4 Graph Prefetch Benchmark ===
k=10, ef=50

[1] Loading data...
  Base: 1000000, Query: 200, dim=128
  Blocks: 2225, block_size=262144

[2] F0: Full-memory (cache=2225)...
[DiskHNSW] Loading graph structure (slim) from output/test1m_graph.bin...
  [slim] Loading vectors for 63002 upper-layer nodes (30MB, skipping 488MB)
  [slim] Loaded graph structure from output/test1m_graph.bin (1000000 nodes, 63002 upper)
[DiskHNSW] Graph: 1000000 nodes, dim=128, max_level=5, entry_point=572119
[DiskHNSW] Loading BFS order from output/test1m_bfs.bin...
[DiskHNSW] BFS mapping loaded: 1000000 entries
[DiskHNSW] Initializing BlockCache...
[BfsLayoutProvider] Loaded route table: 1000000 entries, 2225 blocks
[BlockCache] Initialized: block_size=262144, num_blocks=2225, cache_slots=2225, dim=128, layout=bfs, policy=lru, io_mode=cached

=== F0: Full ===
  Recall@GT:    32.35%
  Recall@HNSW:  100%
  Mean:         642.511 us (0.642511 ms)
  P50:          631.719 us
  P95:          753.888 us
  P99:          798.894 us
  QPS:          1556.17
  Cache hit:    100%
  RSS:          611 MB

[3] F1: OD c1024, no prefetch...
[BfsLayoutProvider] Loaded route table: 1000000 entries, 2225 blocks
[BlockCache] Initialized: block_size=262144, num_blocks=2225, cache_slots=1024, dim=128, layout=bfs, policy=lru, io_mode=direct
[DiskHNSW] Loading graph structure (slim) from output/test1m_graph.bin...
  [slim] Loading vectors for 63002 upper-layer nodes (30MB, skipping 488MB)
  [slim] Loaded graph structure from output/test1m_graph.bin (1000000 nodes, 63002 upper)
[DiskHNSW] Graph: 1000000 nodes, dim=128, max_level=5, entry_point=572119
[DiskHNSW] Loading BFS order from output/test1m_bfs.bin...
[DiskHNSW] BFS mapping loaded: 1000000 entries
[DiskHNSW] BlockCache (pluggable) initialized

=== F1: c1024 ===
  Recall@GT:    32.35%
  Recall@HNSW:  100%
  Mean:         19312.5 us (19.3125 ms)
  P50:          18593 us
  P95:          30354.2 us
  P99:          33708.9 us
  QPS:          51.7795
  Cache hit:    24.1149%
  RSS:          368 MB

[4] F2: OD c1024 + graph prefetch...
[BfsLayoutProvider] Loaded route table: 1000000 entries, 2225 blocks
[BlockCache] Initialized: block_size=262144, num_blocks=2225, cache_slots=1024, dim=128, layout=bfs, policy=lru, io_mode=direct
[DiskHNSW] Loading graph structure (slim) from output/test1m_graph.bin...
  [slim] Loading vectors for 63002 upper-layer nodes (30MB, skipping 488MB)
  [slim] Loaded graph structure from output/test1m_graph.bin (1000000 nodes, 63002 upper)
[DiskHNSW] Graph: 1000000 nodes, dim=128, max_level=5, entry_point=572119
[DiskHNSW] Loading BFS order from output/test1m_bfs.bin...
[DiskHNSW] BFS mapping loaded: 1000000 entries
[DiskHNSW] BlockCache (pluggable) initialized
[GraphPrefetcher] Initialized: ring_size=128, block_size=262144, odirect=yes, fd=3
[DiskHNSW] Graph-guided prefetch enabled (io_uring, odirect=yes)

=== F2: c1024+gp ===
  Recall@GT:    32.35%
  Recall@HNSW:  100%
  Mean:         10132.8 us (10.1328 ms)
  P50:          9972.78 us
  P95:          14987.8 us
  P99:          16993 us
  QPS:          98.689
  Cache hit:    92.8571%
  RSS:          377 MB
  Graph PF:     submitted=13982 completed=13982 skipped=284587

  --- GraphPrefetcher Detailed Stats ---
  submit_calls:     5167
  total_submit_us:  441904 (avg=85.5243 us/call)
  reap_calls:       17504
  total_reap_us:    743704 (avg=42.4877 us/call)
  wait_calls:       12337
  total_wait_us:    1.66416e+06 (avg=134.892 us/call)
  total_pf_time_us: 2.84977e+06 (2849.77 ms)
  submitted:        13982
  completed:        13982
  failed:           0
  skipped:          284587

[6] F4: OD c512, no prefetch...
[BfsLayoutProvider] Loaded route table: 1000000 entries, 2225 blocks
[BlockCache] Initialized: block_size=262144, num_blocks=2225, cache_slots=512, dim=128, layout=bfs, policy=lru, io_mode=direct
[DiskHNSW] Loading graph structure (slim) from output/test1m_graph.bin...
  [slim] Loading vectors for 63002 upper-layer nodes (30MB, skipping 488MB)
  [slim] Loaded graph structure from output/test1m_graph.bin (1000000 nodes, 63002 upper)
[DiskHNSW] Graph: 1000000 nodes, dim=128, max_level=5, entry_point=572119
[DiskHNSW] Loading BFS order from output/test1m_bfs.bin...
[DiskHNSW] BFS mapping loaded: 1000000 entries
[DiskHNSW] BlockCache (pluggable) initialized

=== F4: c512 ===
  Recall@GT:    32.35%
  Recall@HNSW:  100%
  Mean:         76216.2 us (76.2162 ms)
  P50:          75225.6 us
  P95:          107156 us
  P99:          120731 us
  QPS:          13.1205
  Cache hit:    22.3845%
  RSS:          233 MB

[7] F5: OD c512 + graph prefetch...
[BfsLayoutProvider] Loaded route table: 1000000 entries, 2225 blocks
[BlockCache] Initialized: block_size=262144, num_blocks=2225, cache_slots=512, dim=128, layout=bfs, policy=lru, io_mode=direct
[DiskHNSW] Loading graph structure (slim) from output/test1m_graph.bin...
  [slim] Loading vectors for 63002 upper-layer nodes (30MB, skipping 488MB)
  [slim] Loaded graph structure from output/test1m_graph.bin (1000000 nodes, 63002 upper)
[DiskHNSW] Graph: 1000000 nodes, dim=128, max_level=5, entry_point=572119
[DiskHNSW] Loading BFS order from output/test1m_bfs.bin...
[DiskHNSW] BFS mapping loaded: 1000000 entries
[DiskHNSW] BlockCache (pluggable) initialized
[GraphPrefetcher] Initialized: ring_size=128, block_size=262144, odirect=yes, fd=3
[DiskHNSW] Graph-guided prefetch enabled (io_uring, odirect=yes)

=== F5: c512+gp ===
  Recall@GT:    32.35%
  Recall@HNSW:  100%
  Mean:         32645.5 us (32.6455 ms)
  P50:          31209.6 us
  P95:          50408 us
  P99:          57894 us
  QPS:          30.632
  Cache hit:    82.3129%
  RSS:          244 MB
  Graph PF:     submitted=58335 completed=58335 skipped=240234


========== D4 Graph Prefetch Benchmark ==========

| Config | Mean(ms) | P99(ms) | QPS | Hit% | RSS(MB) | Cache(MB) | R@HNSW | PF Mode |
|--------|----------|---------|-----|------|---------|-----------|--------|---------|
| F0: Full | 0.64 | 0.80 | 1556.2 | 100.0 | 611 | 556 | 100.00% | none |
| F1: c1024 | 19.31 | 33.71 | 51.8 | 24.1 | 368 | 256 | 100.00% | none |
| F2: c1024+gp | 10.13 | 16.99 | 98.7 | 92.9 | 377 | 256 | 100.00% | graph |
| F4: c512 | 76.22 | 120.73 | 13.1 | 22.4 | 233 | 128 | 100.00% | none |
| F5: c512+gp | 32.65 | 57.89 | 30.6 | 82.3 | 244 | 128 | 100.00% | graph |

Relative to F0 (full-memory):
| Config | Latency(x) | QPS(%) | RSS(MB) | Mem Saved |
|--------|-----------|--------|---------|-----------|
| F0: Full | 1.00x | 100.00% | 611 | 0.00% |
| F1: c1024 | 30.06x | 3.33% | 368 | 39.77% |
| F2: c1024+gp | 15.77x | 6.34% | 377 | 38.30% |
| F4: c512 | 118.62x | 0.84% | 233 | 61.87% |
| F5: c512+gp | 50.81x | 1.97% | 244 | 60.07% |

Prefetch effectiveness:
| Pair | No-PF Mean(ms) | PF Mean(ms) | Speedup | Hit% No-PF | Hit% PF | PF Submitted | PF Completed |
|------|----------------|-------------|---------|------------|---------|---------------|--------------|
| F1: c1024 vs F2: c1024+gp | 19.31 | 10.13 | 1.91x | 24.11 | 92.86 | 13982 | 13982 |
| F4: c512 vs F5: c512+gp | 76.22 | 32.65 | 2.33x | 22.38 | 82.31 | 58335 | 58335 |

===============================================

JSON saved to logs/d4_prefetch_benchmark.json
