=== D4 Graph Prefetch Benchmark ===
k=10, ef=50

[1] Loading data...
  Base: 1000000, Query: 200, dim=128
  Blocks: 2225, block_size=262144

[2] F0: Full-memory (cache=2225)...
[DiskHNSW] Loading graph structure (slim) from output/test1m_graph.bin...
  [slim] Loading vectors for 63002 upper-layer nodes (30MB, skipping 488MB)
  [slim] Loaded graph structure from output/test1m_graph.bin (1000000 nodes, 63002 upper)
[DiskHNSW] Graph: 1000000 nodes, dim=128, max_level=5, entry_point=572119
[DiskHNSW] Loading BFS order from output/test1m_bfs.bin...
[DiskHNSW] BFS mapping loaded: 1000000 entries
[DiskHNSW] Initializing BlockCache...
[BfsLayoutProvider] Loaded route table: 1000000 entries, 2225 blocks
[BlockCache] Initialized: block_size=262144, num_blocks=2225, cache_slots=2225, dim=128, layout=bfs, policy=lru, io_mode=cached

=== F0: Full ===
  Recall@GT:    32.35%
  Recall@HNSW:  100%
  Mean:         907.63 us (0.90763 ms)
  P50:          877.512 us
  P95:          1109.97 us
  P99:          1209.23 us
  QPS:          1101.69
  Cache hit:    100%
  RSS:          611 MB

[3] F1: OD c1024, no prefetch...
[BfsLayoutProvider] Loaded route table: 1000000 entries, 2225 blocks
[BlockCache] Initialized: block_size=262144, num_blocks=2225, cache_slots=1024, dim=128, layout=bfs, policy=lru, io_mode=direct
[DiskHNSW] Loading graph structure (slim) from output/test1m_graph.bin...
  [slim] Loading vectors for 63002 upper-layer nodes (30MB, skipping 488MB)
  [slim] Loaded graph structure from output/test1m_graph.bin (1000000 nodes, 63002 upper)
[DiskHNSW] Graph: 1000000 nodes, dim=128, max_level=5, entry_point=572119
[DiskHNSW] Loading BFS order from output/test1m_bfs.bin...
[DiskHNSW] BFS mapping loaded: 1000000 entries
[DiskHNSW] BlockCache (pluggable) initialized

=== F1: c1024 ===
  Recall@GT:    32.35%
  Recall@HNSW:  100%
  Mean:         19780.6 us (19.7806 ms)
  P50:          19231 us
  P95:          30744.9 us
  P99:          34232.8 us
  QPS:          50.5542
  Cache hit:    24.1149%
  RSS:          368 MB

[4] F2: OD c1024 + graph prefetch...
[BfsLayoutProvider] Loaded route table: 1000000 entries, 2225 blocks
[BlockCache] Initialized: block_size=262144, num_blocks=2225, cache_slots=1024, dim=128, layout=bfs, policy=lru, io_mode=direct
[DiskHNSW] Loading graph structure (slim) from output/test1m_graph.bin...
  [slim] Loading vectors for 63002 upper-layer nodes (30MB, skipping 488MB)
  [slim] Loaded graph structure from output/test1m_graph.bin (1000000 nodes, 63002 upper)
[DiskHNSW] Graph: 1000000 nodes, dim=128, max_level=5, entry_point=572119
[DiskHNSW] Loading BFS order from output/test1m_bfs.bin...
[DiskHNSW] BFS mapping loaded: 1000000 entries
[DiskHNSW] BlockCache (pluggable) initialized
[GraphPrefetcher] Initialized: ring_size=128, block_size=262144, odirect=yes, fd=3
[DiskHNSW] Graph-guided prefetch enabled (io_uring, odirect=yes)

=== F2: c1024+gp ===
  Recall@GT:    32.35%
  Recall@HNSW:  100%
  Mean:         10995.3 us (10.9953 ms)
  P50:          10849 us
  P95:          15522.5 us
  P99:          17864.5 us
  QPS:          90.9479
  Cache hit:    92.8571%
  RSS:          377 MB
  Graph PF:     submitted=13982 completed=13982 skipped=284587

  --- GraphPrefetcher Detailed Stats ---
  submit_calls:     5167
  total_submit_us:  474297 (avg=91.7934 us/call)
  reap_calls:       17160
  total_reap_us:    758522 (avg=44.2029 us/call)
  wait_calls:       11993
  total_wait_us:    1.57947e+06 (avg=131.7 us/call)
  total_pf_time_us: 2.81229e+06 (2812.29 ms)
  submitted:        13982
  completed:        13982
  failed:           0
  skipped:          284587

[6] F4: OD c512, no prefetch...
[BfsLayoutProvider] Loaded route table: 1000000 entries, 2225 blocks
[BlockCache] Initialized: block_size=262144, num_blocks=2225, cache_slots=512, dim=128, layout=bfs, policy=lru, io_mode=direct
[DiskHNSW] Loading graph structure (slim) from output/test1m_graph.bin...
  [slim] Loading vectors for 63002 upper-layer nodes (30MB, skipping 488MB)
  [slim] Loaded graph structure from output/test1m_graph.bin (1000000 nodes, 63002 upper)
[DiskHNSW] Graph: 1000000 nodes, dim=128, max_level=5, entry_point=572119
[DiskHNSW] Loading BFS order from output/test1m_bfs.bin...
[DiskHNSW] BFS mapping loaded: 1000000 entries
[DiskHNSW] BlockCache (pluggable) initialized

=== F4: c512 ===
  Recall@GT:    32.35%
  Recall@HNSW:  100%
  Mean:         78429.8 us (78.4298 ms)
  P50:          76532.6 us
  P95:          108298 us
  P99:          122710 us
  QPS:          12.7502
  Cache hit:    22.3845%
  RSS:          233 MB

[7] F5: OD c512 + graph prefetch...
[BfsLayoutProvider] Loaded route table: 1000000 entries, 2225 blocks
[BlockCache] Initialized: block_size=262144, num_blocks=2225, cache_slots=512, dim=128, layout=bfs, policy=lru, io_mode=direct
[DiskHNSW] Loading graph structure (slim) from output/test1m_graph.bin...
  [slim] Loading vectors for 63002 upper-layer nodes (30MB, skipping 488MB)
  [slim] Loaded graph structure from output/test1m_graph.bin (1000000 nodes, 63002 upper)
[DiskHNSW] Graph: 1000000 nodes, dim=128, max_level=5, entry_point=572119
[DiskHNSW] Loading BFS order from output/test1m_bfs.bin...
[DiskHNSW] BFS mapping loaded: 1000000 entries
[DiskHNSW] BlockCache (pluggable) initialized
[GraphPrefetcher] Initialized: ring_size=128, block_size=262144, odirect=yes, fd=3
[DiskHNSW] Graph-guided prefetch enabled (io_uring, odirect=yes)

=== F5: c512+gp ===
  Recall@GT:    32.35%
  Recall@HNSW:  100%
  Mean:         37126.8 us (37.1268 ms)
  P50:          35936.1 us
  P95:          51721.7 us
  P99:          61380.1 us
  QPS:          26.9347
  Cache hit:    82.3129%
  RSS:          245 MB
  Graph PF:     submitted=58335 completed=58335 skipped=240234


========== D4 Graph Prefetch Benchmark ==========

| Config | Mean(ms) | P99(ms) | QPS | Hit% | RSS(MB) | Cache(MB) | R@HNSW | PF Mode |
|--------|----------|---------|-----|------|---------|-----------|--------|---------|
| F0: Full | 0.91 | 1.21 | 1101.7 | 100.0 | 611 | 556 | 100.00% | none |
| F1: c1024 | 19.78 | 34.23 | 50.6 | 24.1 | 368 | 256 | 100.00% | none |
| F2: c1024+gp | 11.00 | 17.86 | 90.9 | 92.9 | 377 | 256 | 100.00% | graph |
| F4: c512 | 78.43 | 122.71 | 12.8 | 22.4 | 233 | 128 | 100.00% | none |
| F5: c512+gp | 37.13 | 61.38 | 26.9 | 82.3 | 245 | 128 | 100.00% | graph |

Relative to F0 (full-memory):
| Config | Latency(x) | QPS(%) | RSS(MB) | Mem Saved |
|--------|-----------|--------|---------|-----------|
| F0: Full | 1.00x | 100.00% | 611 | 0.00% |
| F1: c1024 | 21.79x | 4.59% | 368 | 39.77% |
| F2: c1024+gp | 12.11x | 8.26% | 377 | 38.30% |
| F4: c512 | 86.41x | 1.16% | 233 | 61.87% |
| F5: c512+gp | 40.91x | 2.44% | 245 | 59.90% |

Prefetch effectiveness:
| Pair | No-PF Mean(ms) | PF Mean(ms) | Speedup | Hit% No-PF | Hit% PF | PF Submitted | PF Completed |
|------|----------------|-------------|---------|------------|---------|---------------|--------------|
| F1: c1024 vs F2: c1024+gp | 19.78 | 11.00 | 1.80x | 24.11 | 92.86 | 13982 | 13982 |
| F4: c512 vs F5: c512+gp | 78.43 | 37.13 | 2.11x | 22.38 | 82.31 | 58335 | 58335 |

===============================================

JSON saved to logs/d4_prefetch_benchmark.json
