=== D4 Graph Prefetch Benchmark ===
k=10, ef=50

[1] Loading data...
  Base: 1000000, Query: 200, dim=128
  Blocks: 2225, block_size=262144

[2] F0: Full-memory (cache=2225)...
[DiskHNSW] Loading graph structure (slim) from output/test1m_graph.bin...
  [slim] Loading vectors for 63002 upper-layer nodes (30MB, skipping 488MB)
  [slim] Loaded graph structure from output/test1m_graph.bin (1000000 nodes, 63002 upper)
[DiskHNSW] Graph: 1000000 nodes, dim=128, max_level=5, entry_point=572119
[DiskHNSW] Loading BFS order from output/test1m_bfs.bin...
[DiskHNSW] BFS mapping loaded: 1000000 entries
[DiskHNSW] Initializing BlockCache...
[BfsLayoutProvider] Loaded route table: 1000000 entries, 2225 blocks
[BlockCache] Initialized: block_size=262144, num_blocks=2225, cache_slots=2225, dim=128, layout=bfs, policy=lru, io_mode=cached

=== F0: Full ===
  Recall@GT:    0%
  Recall@HNSW:  20.65%
  Mean:         279.451 us (0.279451 ms)
  P50:          338.987 us
  P95:          449.206 us
  P99:          519.491 us
  QPS:          3577.9
  Cache hit:    100%
  RSS:          129 MB

[3] F1: OD c1024, no prefetch...
[BfsLayoutProvider] Loaded route table: 1000000 entries, 2225 blocks
[BlockCache] Initialized: block_size=262144, num_blocks=2225, cache_slots=1024, dim=128, layout=bfs, policy=lru, io_mode=direct
[DiskHNSW] Loading graph structure (slim) from output/test1m_graph.bin...
  [slim] Loading vectors for 63002 upper-layer nodes (30MB, skipping 488MB)
  [slim] Loaded graph structure from output/test1m_graph.bin (1000000 nodes, 63002 upper)
[DiskHNSW] Graph: 1000000 nodes, dim=128, max_level=5, entry_point=572119
[DiskHNSW] Loading BFS order from output/test1m_bfs.bin...
[DiskHNSW] BFS mapping loaded: 1000000 entries
[DiskHNSW] BlockCache (pluggable) initialized

=== F1: c1024 ===
  Recall@GT:    0%
  Recall@HNSW:  36.4%
  Mean:         388.51 us (0.38851 ms)
  P50:          440.536 us
  P95:          715.973 us
  P99:          829.896 us
  QPS:          2573.66
  Cache hit:    48.0952%
  RSS:          125 MB

[4] F2: OD c1024 + graph prefetch...
[BfsLayoutProvider] Loaded route table: 1000000 entries, 2225 blocks
[BlockCache] Initialized: block_size=262144, num_blocks=2225, cache_slots=1024, dim=128, layout=bfs, policy=lru, io_mode=direct
[DiskHNSW] Loading graph structure (slim) from output/test1m_graph.bin...
  [slim] Loading vectors for 63002 upper-layer nodes (30MB, skipping 488MB)
  [slim] Loaded graph structure from output/test1m_graph.bin (1000000 nodes, 63002 upper)
[DiskHNSW] Graph: 1000000 nodes, dim=128, max_level=5, entry_point=572119
[DiskHNSW] Loading BFS order from output/test1m_bfs.bin...
[DiskHNSW] BFS mapping loaded: 1000000 entries
[DiskHNSW] BlockCache (pluggable) initialized
[GraphPrefetcher] Initialized: ring_size=128, block_size=262144, odirect=yes, fd=3
[DiskHNSW] Graph-guided prefetch enabled (io_uring, odirect=yes)

=== F2: c1024+gp ===
  Recall@GT:    0%
  Recall@HNSW:  1.75%
  Mean:         42754.6 us (42.7546 ms)
  P50:          36540.1 us
  P95:          90953.9 us
  P99:          112152 us
  QPS:          23.3893
  Cache hit:    93.5113%
  RSS:          380 MB
  Graph PF:     submitted=64257 completed=64257 skipped=219903

  --- GraphPrefetcher Detailed Stats ---
  submit_calls:     12735
  total_submit_us:  2.4886e+06 (avg=195.414 us/call)
  reap_calls:       59056
  total_reap_us:    3.76482e+06 (avg=63.75 us/call)
  wait_calls:       46333
  total_wait_us:    5.96528e+06 (avg=128.748 us/call)
  total_pf_time_us: 1.22187e+07 (12218.7 ms)
  submitted:        64257
  completed:        64257
  failed:           0
  skipped:          219903

[6] F4: OD c512, no prefetch...
[BfsLayoutProvider] Loaded route table: 1000000 entries, 2225 blocks
[BlockCache] Initialized: block_size=262144, num_blocks=2225, cache_slots=512, dim=128, layout=bfs, policy=lru, io_mode=direct
[DiskHNSW] Loading graph structure (slim) from output/test1m_graph.bin...
  [slim] Loading vectors for 63002 upper-layer nodes (30MB, skipping 488MB)
  [slim] Loaded graph structure from output/test1m_graph.bin (1000000 nodes, 63002 upper)
[DiskHNSW] Graph: 1000000 nodes, dim=128, max_level=5, entry_point=572119
[DiskHNSW] Loading BFS order from output/test1m_bfs.bin...
[DiskHNSW] BFS mapping loaded: 1000000 entries
[DiskHNSW] BlockCache (pluggable) initialized

=== F4: c512 ===
  Recall@GT:    0%
  Recall@HNSW:  36.4%
  Mean:         1260.68 us (1.26068 ms)
  P50:          1383.43 us
  P95:          2344.32 us
  P99:          2814.98 us
  QPS:          793.081
  Cache hit:    48.0952%
  RSS:          125 MB

[7] F5: OD c512 + graph prefetch...
[BfsLayoutProvider] Loaded route table: 1000000 entries, 2225 blocks
[BlockCache] Initialized: block_size=262144, num_blocks=2225, cache_slots=512, dim=128, layout=bfs, policy=lru, io_mode=direct
[DiskHNSW] Loading graph structure (slim) from output/test1m_graph.bin...
  [slim] Loading vectors for 63002 upper-layer nodes (30MB, skipping 488MB)
  [slim] Loaded graph structure from output/test1m_graph.bin (1000000 nodes, 63002 upper)
[DiskHNSW] Graph: 1000000 nodes, dim=128, max_level=5, entry_point=572119
[DiskHNSW] Loading BFS order from output/test1m_bfs.bin...
[DiskHNSW] BFS mapping loaded: 1000000 entries
[DiskHNSW] BlockCache (pluggable) initialized
[GraphPrefetcher] Initialized: ring_size=128, block_size=262144, odirect=yes, fd=3
[DiskHNSW] Graph-guided prefetch enabled (io_uring, odirect=yes)

=== F5: c512+gp ===
  Recall@GT:    0%
  Recall@HNSW:  1.75%
  Mean:         99973.7 us (99.9737 ms)
  P50:          92357.2 us
  P95:          156458 us
  P99:          172262 us
  QPS:          10.0026
  Cache hit:    94.6334%
  RSS:          247 MB
  Graph PF:     submitted=128453 completed=128453 skipped=155707


========== D4 Graph Prefetch Benchmark ==========

| Config | Mean(ms) | P99(ms) | QPS | Hit% | RSS(MB) | Cache(MB) | R@HNSW | PF Mode |
|--------|----------|---------|-----|------|---------|-----------|--------|---------|
| F0: Full | 0.28 | 0.52 | 3577.9 | 100.0 | 129 | 556 | 20.65% | none |
| F1: c1024 | 0.39 | 0.83 | 2573.7 | 48.1 | 125 | 256 | 36.40% | none |
| F2: c1024+gp | 42.75 | 112.15 | 23.4 | 93.5 | 380 | 256 | 1.75% | graph |
| F4: c512 | 1.26 | 2.81 | 793.1 | 48.1 | 125 | 128 | 36.40% | none |
| F5: c512+gp | 99.97 | 172.26 | 10.0 | 94.6 | 247 | 128 | 1.75% | graph |

Relative to F0 (full-memory):
| Config | Latency(x) | QPS(%) | RSS(MB) | Mem Saved |
|--------|-----------|--------|---------|-----------|
| F0: Full | 1.00x | 100.00% | 129 | 0.00% |
| F1: c1024 | 1.39x | 71.93% | 125 | 3.10% |
| F2: c1024+gp | 152.99x | 0.65% | 380 | -194.57% |
| F4: c512 | 4.51x | 22.17% | 125 | 3.10% |
| F5: c512+gp | 357.75x | 0.28% | 247 | -91.47% |

Prefetch effectiveness:
| Pair | No-PF Mean(ms) | PF Mean(ms) | Speedup | Hit% No-PF | Hit% PF | PF Submitted | PF Completed |
|------|----------------|-------------|---------|------------|---------|---------------|--------------|
| F1: c1024 vs F2: c1024+gp | 0.39 | 42.75 | 0.01x | 48.10 | 93.51 | 64257 | 64257 |
| F4: c512 vs F5: c512+gp | 1.26 | 99.97 | 0.01x | 48.10 | 94.63 | 128453 | 128453 |

===============================================

JSON saved to logs/d4_prefetch_benchmark.json
