=== D4 Graph Prefetch Benchmark ===
k=10, ef=50

[1] Loading data...
  Base: 1000000, Query: 200, dim=128
  Blocks: 2225, block_size=262144

[2] F0: Full-memory (cache=2225)...
[DiskHNSW] Loading graph structure (slim) from output/test1m_graph.bin...
  [slim] Loading vectors for 63002 upper-layer nodes (30MB, skipping 488MB)
  [slim] Loaded graph structure from output/test1m_graph.bin (1000000 nodes, 63002 upper)
[DiskHNSW] Graph: 1000000 nodes, dim=128, max_level=5, entry_point=572119
[DiskHNSW] Loading BFS order from output/test1m_bfs.bin...
[DiskHNSW] BFS mapping loaded: 1000000 entries
[DiskHNSW] Initializing BlockCache...
[BfsLayoutProvider] Loaded route table: 1000000 entries, 2225 blocks
[BlockCache] Initialized: block_size=262144, num_blocks=2225, cache_slots=2225, dim=128, layout=bfs, policy=lru, io_mode=cached

=== F0: Full ===
  Recall@GT:    32.35%
  Recall@HNSW:  100%
  Mean:         907.521 us (0.907521 ms)
  P50:          885.401 us
  P95:          1113.04 us
  P99:          1198.79 us
  QPS:          1101.83
  Cache hit:    100%
  RSS:          611 MB

[3] F1: OD c1024, no prefetch...
[BfsLayoutProvider] Loaded route table: 1000000 entries, 2225 blocks
[BlockCache] Initialized: block_size=262144, num_blocks=2225, cache_slots=1024, dim=128, layout=bfs, policy=lru, io_mode=direct
[DiskHNSW] Loading graph structure (slim) from output/test1m_graph.bin...
  [slim] Loading vectors for 63002 upper-layer nodes (30MB, skipping 488MB)
  [slim] Loaded graph structure from output/test1m_graph.bin (1000000 nodes, 63002 upper)
[DiskHNSW] Graph: 1000000 nodes, dim=128, max_level=5, entry_point=572119
[DiskHNSW] Loading BFS order from output/test1m_bfs.bin...
[DiskHNSW] BFS mapping loaded: 1000000 entries
[DiskHNSW] BlockCache (pluggable) initialized

=== F1: c1024 ===
  Recall@GT:    32.35%
  Recall@HNSW:  100%
  Mean:         20328.9 us (20.3289 ms)
  P50:          19805.9 us
  P95:          31521.5 us
  P99:          36867.3 us
  QPS:          49.1908
  Cache hit:    24.1149%
  RSS:          368 MB

[4] F2: OD c1024 + graph prefetch...
[BfsLayoutProvider] Loaded route table: 1000000 entries, 2225 blocks
[BlockCache] Initialized: block_size=262144, num_blocks=2225, cache_slots=1024, dim=128, layout=bfs, policy=lru, io_mode=direct
[DiskHNSW] Loading graph structure (slim) from output/test1m_graph.bin...
  [slim] Loading vectors for 63002 upper-layer nodes (30MB, skipping 488MB)
  [slim] Loaded graph structure from output/test1m_graph.bin (1000000 nodes, 63002 upper)
[DiskHNSW] Graph: 1000000 nodes, dim=128, max_level=5, entry_point=572119
[DiskHNSW] Loading BFS order from output/test1m_bfs.bin...
[DiskHNSW] BFS mapping loaded: 1000000 entries
[DiskHNSW] BlockCache (pluggable) initialized
[GraphPrefetcher] Initialized: ring_size=128, block_size=262144, odirect=yes, fd=3
[DiskHNSW] Graph-guided prefetch enabled (io_uring, odirect=yes)

=== F2: c1024+gp ===
  Recall@GT:    32.35%
  Recall@HNSW:  100%
  Mean:         9830.43 us (9.83043 ms)
  P50:          9566.65 us
  P95:          14457 us
  P99:          16206.8 us
  QPS:          101.725
  Cache hit:    92.8571%
  RSS:          376 MB
  Graph PF:     submitted=13982 completed=13982 skipped=284587

  --- GraphPrefetcher Detailed Stats ---
  submit_calls:     5167
  total_submit_us:  279934 (avg=54.1772 us/call)
  reap_calls:       18485
  total_reap_us:    570501 (avg=30.8629 us/call)
  wait_calls:       13318
  total_wait_us:    1.65028e+06 (avg=123.914 us/call)
  total_pf_time_us: 2.50072e+06 (2500.72 ms)
  submitted:        13982
  completed:        13982
  failed:           0
  skipped:          284587

[6] F4: OD c512, no prefetch...
[BfsLayoutProvider] Loaded route table: 1000000 entries, 2225 blocks
[BlockCache] Initialized: block_size=262144, num_blocks=2225, cache_slots=512, dim=128, layout=bfs, policy=lru, io_mode=direct
[DiskHNSW] Loading graph structure (slim) from output/test1m_graph.bin...
  [slim] Loading vectors for 63002 upper-layer nodes (30MB, skipping 488MB)
  [slim] Loaded graph structure from output/test1m_graph.bin (1000000 nodes, 63002 upper)
[DiskHNSW] Graph: 1000000 nodes, dim=128, max_level=5, entry_point=572119
[DiskHNSW] Loading BFS order from output/test1m_bfs.bin...
[DiskHNSW] BFS mapping loaded: 1000000 entries
[DiskHNSW] BlockCache (pluggable) initialized

=== F4: c512 ===
  Recall@GT:    32.35%
  Recall@HNSW:  100%
  Mean:         77044.6 us (77.0446 ms)
  P50:          75651.5 us
  P95:          107597 us
  P99:          121148 us
  QPS:          12.9795
  Cache hit:    22.3845%
  RSS:          233 MB

[7] F5: OD c512 + graph prefetch...
[BfsLayoutProvider] Loaded route table: 1000000 entries, 2225 blocks
[BlockCache] Initialized: block_size=262144, num_blocks=2225, cache_slots=512, dim=128, layout=bfs, policy=lru, io_mode=direct
[DiskHNSW] Loading graph structure (slim) from output/test1m_graph.bin...
  [slim] Loading vectors for 63002 upper-layer nodes (30MB, skipping 488MB)
  [slim] Loaded graph structure from output/test1m_graph.bin (1000000 nodes, 63002 upper)
[DiskHNSW] Graph: 1000000 nodes, dim=128, max_level=5, entry_point=572119
[DiskHNSW] Loading BFS order from output/test1m_bfs.bin...
[DiskHNSW] BFS mapping loaded: 1000000 entries
[DiskHNSW] BlockCache (pluggable) initialized
[GraphPrefetcher] Initialized: ring_size=128, block_size=262144, odirect=yes, fd=3
[DiskHNSW] Graph-guided prefetch enabled (io_uring, odirect=yes)

=== F5: c512+gp ===
  Recall@GT:    32.35%
  Recall@HNSW:  100%
  Mean:         36138.9 us (36.1389 ms)
  P50:          29824.4 us
  P95:          71847.2 us
  P99:          84073.2 us
  QPS:          27.6709
  Cache hit:    82.3129%
  RSS:          246 MB
  Graph PF:     submitted=58335 completed=58335 skipped=240234


========== D4 Graph Prefetch Benchmark ==========

| Config | Mean(ms) | P99(ms) | QPS | Hit% | RSS(MB) | Cache(MB) | R@HNSW | PF Mode |
|--------|----------|---------|-----|------|---------|-----------|--------|---------|
| F0: Full | 0.91 | 1.20 | 1101.8 | 100.0 | 611 | 556 | 100.00% | none |
| F1: c1024 | 20.33 | 36.87 | 49.2 | 24.1 | 368 | 256 | 100.00% | none |
| F2: c1024+gp | 9.83 | 16.21 | 101.7 | 92.9 | 376 | 256 | 100.00% | graph |
| F4: c512 | 77.04 | 121.15 | 13.0 | 22.4 | 233 | 128 | 100.00% | none |
| F5: c512+gp | 36.14 | 84.07 | 27.7 | 82.3 | 246 | 128 | 100.00% | graph |

Relative to F0 (full-memory):
| Config | Latency(x) | QPS(%) | RSS(MB) | Mem Saved |
|--------|-----------|--------|---------|-----------|
| F0: Full | 1.00x | 100.00% | 611 | 0.00% |
| F1: c1024 | 22.40x | 4.46% | 368 | 39.77% |
| F2: c1024+gp | 10.83x | 9.23% | 376 | 38.46% |
| F4: c512 | 84.90x | 1.18% | 233 | 61.87% |
| F5: c512+gp | 39.82x | 2.51% | 246 | 59.74% |

Prefetch effectiveness:
| Pair | No-PF Mean(ms) | PF Mean(ms) | Speedup | Hit% No-PF | Hit% PF | PF Submitted | PF Completed |
|------|----------------|-------------|---------|------------|---------|---------------|--------------|
| F1: c1024 vs F2: c1024+gp | 20.33 | 9.83 | 2.07x | 24.11 | 92.86 | 13982 | 13982 |
| F4: c512 vs F5: c512+gp | 77.04 | 36.14 | 2.13x | 22.38 | 82.31 | 58335 | 58335 |

===============================================

JSON saved to logs/d4_prefetch_benchmark.json
