=== D4 Graph Prefetch Benchmark ===
k=10, ef=50

[1] Loading data...
  Base: 1000000, Query: 200, dim=128
  Blocks: 2225, block_size=262144

[2] F0: Full-memory (cache=2225)...
[DiskHNSW] Loading graph structure (slim) from output/test1m_graph.bin...
  [slim] Loading vectors for 63002 upper-layer nodes (30MB, skipping 488MB)
  [slim] Loaded graph structure from output/test1m_graph.bin (1000000 nodes, 63002 upper)
[DiskHNSW] Graph: 1000000 nodes, dim=128, max_level=5, entry_point=572119
[DiskHNSW] Loading BFS order from output/test1m_bfs.bin...
[DiskHNSW] BFS mapping loaded: 1000000 entries
[DiskHNSW] Initializing BlockCache...
[BfsLayoutProvider] Loaded route table: 1000000 entries, 2225 blocks
[BlockCache] Initialized: block_size=262144, num_blocks=2225, cache_slots=2225, dim=128, layout=bfs, policy=lru, io_mode=cached

=== F0: Full ===
  Recall@GT:    11.5%
  Recall@HNSW:  53.35%
  Mean:         530.473 us (0.530473 ms)
  P50:          521.492 us
  P95:          618.43 us
  P99:          656.987 us
  QPS:          1884.99
  Cache hit:    100%
  RSS:          159 MB

[3] F1: OD c1024, no prefetch...
[BfsLayoutProvider] Loaded route table: 1000000 entries, 2225 blocks
[BlockCache] Initialized: block_size=262144, num_blocks=2225, cache_slots=1024, dim=128, layout=bfs, policy=lru, io_mode=direct
[DiskHNSW] Loading graph structure (slim) from output/test1m_graph.bin...
  [slim] Loading vectors for 63002 upper-layer nodes (30MB, skipping 488MB)
  [slim] Loaded graph structure from output/test1m_graph.bin (1000000 nodes, 63002 upper)
[DiskHNSW] Graph: 1000000 nodes, dim=128, max_level=5, entry_point=572119
[DiskHNSW] Loading BFS order from output/test1m_bfs.bin...
[DiskHNSW] BFS mapping loaded: 1000000 entries
[DiskHNSW] BlockCache (pluggable) initialized

=== F1: c1024 ===
  Recall@GT:    8.8%
  Recall@HNSW:  98.15%
  Mean:         624.544 us (0.624544 ms)
  P50:          660.508 us
  P95:          854.722 us
  P99:          904.434 us
  QPS:          1601.06
  Cache hit:    99.8539%
  RSS:          156 MB

[4] F2: OD c1024 + graph prefetch...
[BfsLayoutProvider] Loaded route table: 1000000 entries, 2225 blocks
[BlockCache] Initialized: block_size=262144, num_blocks=2225, cache_slots=1024, dim=128, layout=bfs, policy=lru, io_mode=direct
[DiskHNSW] Loading graph structure (slim) from output/test1m_graph.bin...
  [slim] Loading vectors for 63002 upper-layer nodes (30MB, skipping 488MB)
  [slim] Loaded graph structure from output/test1m_graph.bin (1000000 nodes, 63002 upper)
[DiskHNSW] Graph: 1000000 nodes, dim=128, max_level=5, entry_point=572119
[DiskHNSW] Loading BFS order from output/test1m_bfs.bin...
[DiskHNSW] BFS mapping loaded: 1000000 entries
[DiskHNSW] BlockCache (pluggable) initialized
[GraphPrefetcher] Initialized: ring_size=128, block_size=262144, odirect=yes, fd=3
[DiskHNSW] Graph-guided prefetch enabled (io_uring, odirect=yes)

=== F2: c1024+gp ===
  Recall@GT:    29.3%
  Recall@HNSW:  18.6%
  Mean:         4632.46 us (4.63246 ms)
  P50:          2929.43 us
  P95:          8289.02 us
  P99:          9846.6 us
  QPS:          215.867
  Cache hit:    99.9958%
  RSS:          416 MB
  Graph PF:     submitted=10409 completed=10305 skipped=290146

  --- GraphPrefetcher Detailed Stats ---
  submit_calls:     4319
  total_submit_us:  774874 (avg=179.41 us/call)
  reap_calls:       103
  total_reap_us:    551751 (avg=5356.81 us/call)
  wait_calls:       1
  total_wait_us:    3074.51 (avg=3074.51 us/call)
  total_pf_time_us: 1.3297e+06 (1329.7 ms)
  submitted:        10409
  completed:        10305
  failed:           0
  skipped:          290146
corrupted double-linked list
