=== D4 Graph Prefetch Benchmark ===
k=10, ef=50
Markov model: logs/markov_model/markov_model.json

[1] Loading data...
  Base: 1000000, Query: 200, dim=128
  Blocks: 2225, block_size=262144

[2] F0: Full-memory (cache=2225)...
[DiskHNSW] Loading graph structure (slim) from output/test1m_graph.bin...
  [slim] Loading vectors for 63002 upper-layer nodes (30MB, skipping 488MB)
  [slim] Loaded graph structure from output/test1m_graph.bin (1000000 nodes, 63002 upper)
[DiskHNSW] Graph: 1000000 nodes, dim=128, max_level=5, entry_point=572119
[DiskHNSW] Loading BFS order from output/test1m_bfs.bin...
[DiskHNSW] BFS mapping loaded: 1000000 entries
[DiskHNSW] Initializing BlockCache...
[BfsLayoutProvider] Loaded route table: 1000000 entries, 2225 blocks
[BlockCache] Initialized: block_size=262144, num_blocks=2225, cache_slots=2225, dim=128, layout=bfs, policy=lru, io_mode=cached

=== F0: Full ===
  Recall@GT:    32.35%
  Recall@HNSW:  100%
  Mean:         1147.27 us (1.14727 ms)
  P50:          1119.94 us
  P95:          1435.59 us
  P99:          1541.9 us
  QPS:          871.589
  Cache hit:    100%
  RSS:          644 MB

[3] F1: OD c1024, no prefetch...
[BfsLayoutProvider] Loaded route table: 1000000 entries, 2225 blocks
[BlockCache] Initialized: block_size=262144, num_blocks=2225, cache_slots=1024, dim=128, layout=bfs, policy=lru, io_mode=direct
[DiskHNSW] Loading graph structure (slim) from output/test1m_graph.bin...
  [slim] Loading vectors for 63002 upper-layer nodes (30MB, skipping 488MB)
  [slim] Loaded graph structure from output/test1m_graph.bin (1000000 nodes, 63002 upper)
[DiskHNSW] Graph: 1000000 nodes, dim=128, max_level=5, entry_point=572119
[DiskHNSW] Loading BFS order from output/test1m_bfs.bin...
[DiskHNSW] BFS mapping loaded: 1000000 entries
[DiskHNSW] BlockCache (pluggable) initialized

=== F1: c1024 ===
  Recall@GT:    32.35%
  Recall@HNSW:  100%
  Mean:         20124.6 us (20.1246 ms)
  P50:          19553.2 us
  P95:          31343 us
  P99:          35521.2 us
  QPS:          49.6904
  Cache hit:    96.1891%
  RSS:          384 MB

[4] F2: OD c1024 + graph prefetch...
[BfsLayoutProvider] Loaded route table: 1000000 entries, 2225 blocks
[BlockCache] Initialized: block_size=262144, num_blocks=2225, cache_slots=1024, dim=128, layout=bfs, policy=lru, io_mode=direct
[DiskHNSW] Loading graph structure (slim) from output/test1m_graph.bin...
  [slim] Loading vectors for 63002 upper-layer nodes (30MB, skipping 488MB)
  [slim] Loaded graph structure from output/test1m_graph.bin (1000000 nodes, 63002 upper)
[DiskHNSW] Graph: 1000000 nodes, dim=128, max_level=5, entry_point=572119
[DiskHNSW] Loading BFS order from output/test1m_bfs.bin...
[DiskHNSW] BFS mapping loaded: 1000000 entries
[DiskHNSW] BlockCache (pluggable) initialized
[GraphPrefetcher] Initialized: ring_size=128, block_size=262144, odirect=yes, fd=3
[DiskHNSW] Graph-guided prefetch enabled (io_uring, odirect=yes)

=== F2: c1024+gp ===
  Recall@GT:    32.35%
  Recall@HNSW:  100%
  Mean:         10475.6 us (10.4756 ms)
  P50:          10235.3 us
  P95:          15348.9 us
  P99:          17009.6 us
  QPS:          95.46
  Cache hit:    99.9959%
  RSS:          392 MB
  Graph PF:     submitted=13982 completed=13982 skipped=284587

[5] F3: OD c1024 + graph + markov...
[BfsLayoutProvider] Loaded route table: 1000000 entries, 2225 blocks
[BlockCache] Initialized: block_size=262144, num_blocks=2225, cache_slots=1024, dim=128, layout=bfs, policy=lru, io_mode=direct
[DiskHNSW] Loading graph structure (slim) from output/test1m_graph.bin...
  [slim] Loading vectors for 63002 upper-layer nodes (30MB, skipping 488MB)
  [slim] Loaded graph structure from output/test1m_graph.bin (1000000 nodes, 63002 upper)
[DiskHNSW] Graph: 1000000 nodes, dim=128, max_level=5, entry_point=572119
[DiskHNSW] Loading BFS order from output/test1m_bfs.bin...
[DiskHNSW] BFS mapping loaded: 1000000 entries
[DiskHNSW] BlockCache (pluggable) initialized
[GraphPrefetcher] Initialized: ring_size=128, block_size=262144, odirect=yes, fd=3
[DiskHNSW] Graph-guided prefetch enabled (io_uring, odirect=yes)
[MarkovModel] Loaded from logs/markov_model/markov_model.json: vocab=1001, transitions=1001
[DiskHNSW] Markov prefetch enabled (model=logs/markov_model/markov_model.json, max_prefetch=10, lookahead=10, multi_step=yes)

=== F3: c1024+gp+mk ===
  Recall@GT:    32.35%
  Recall@HNSW:  100%
  Mean:         11431.3 us (11.4313 ms)
  P50:          11118.5 us
  P95:          16967.1 us
  P99:          20587.4 us
  QPS:          87.4791
  Cache hit:    99.9959%
  RSS:          392 MB
  Graph PF:     submitted=13767 completed=13767 skipped=284802
  Markov:       predictions=11183 prefetched=589 hit_cache=75036 delta_unk=906

[6] F4: OD c512, no prefetch...
[BfsLayoutProvider] Loaded route table: 1000000 entries, 2225 blocks
[BlockCache] Initialized: block_size=262144, num_blocks=2225, cache_slots=512, dim=128, layout=bfs, policy=lru, io_mode=direct
[DiskHNSW] Loading graph structure (slim) from output/test1m_graph.bin...
  [slim] Loading vectors for 63002 upper-layer nodes (30MB, skipping 488MB)
  [slim] Loaded graph structure from output/test1m_graph.bin (1000000 nodes, 63002 upper)
[DiskHNSW] Graph: 1000000 nodes, dim=128, max_level=5, entry_point=572119
[DiskHNSW] Loading BFS order from output/test1m_bfs.bin...
[DiskHNSW] BFS mapping loaded: 1000000 entries
[DiskHNSW] BlockCache (pluggable) initialized

=== F4: c512 ===
  Recall@GT:    32.35%
  Recall@HNSW:  100%
  Mean:         85644.8 us (85.6448 ms)
  P50:          84284.5 us
  P95:          116831 us
  P99:          131723 us
  QPS:          11.6761
  Cache hit:    84.1033%
  RSS:          242 MB

[7] F5: OD c512 + graph prefetch...
[BfsLayoutProvider] Loaded route table: 1000000 entries, 2225 blocks
[BlockCache] Initialized: block_size=262144, num_blocks=2225, cache_slots=512, dim=128, layout=bfs, policy=lru, io_mode=direct
[DiskHNSW] Loading graph structure (slim) from output/test1m_graph.bin...
  [slim] Loading vectors for 63002 upper-layer nodes (30MB, skipping 488MB)
  [slim] Loaded graph structure from output/test1m_graph.bin (1000000 nodes, 63002 upper)
[DiskHNSW] Graph: 1000000 nodes, dim=128, max_level=5, entry_point=572119
[DiskHNSW] Loading BFS order from output/test1m_bfs.bin...
[DiskHNSW] BFS mapping loaded: 1000000 entries
[DiskHNSW] BlockCache (pluggable) initialized
[GraphPrefetcher] Initialized: ring_size=128, block_size=262144, odirect=yes, fd=3
[DiskHNSW] Graph-guided prefetch enabled (io_uring, odirect=yes)

=== F5: c512+gp ===
  Recall@GT:    32.35%
  Recall@HNSW:  100%
  Mean:         47770.9 us (47.7709 ms)
  P50:          47685.3 us
  P95:          64734.8 us
  P99:          77151.4 us
  QPS:          20.9332
  Cache hit:    99.9322%
  RSS:          249 MB
  Graph PF:     submitted=58357 completed=58357 skipped=240212


========== D4 Graph Prefetch Benchmark ==========

| Config | Mean(ms) | P99(ms) | QPS | Hit% | RSS(MB) | Cache(MB) | R@HNSW | PF Mode |
|--------|----------|---------|-----|------|---------|-----------|--------|---------|
| F0: Full | 1.15 | 1.54 | 871.6 | 100.0 | 644 | 556 | 100.00% | none |
| F1: c1024 | 20.12 | 35.52 | 49.7 | 96.2 | 384 | 256 | 100.00% | none |
| F2: c1024+gp | 10.48 | 17.01 | 95.5 | 100.0 | 392 | 256 | 100.00% | graph |
| F3: c1024+gp+mk | 11.43 | 20.59 | 87.5 | 100.0 | 392 | 256 | 100.00% | graph+markov |
| F4: c512 | 85.64 | 131.72 | 11.7 | 84.1 | 242 | 128 | 100.00% | none |
| F5: c512+gp | 47.77 | 77.15 | 20.9 | 99.9 | 249 | 128 | 100.00% | graph |

Relative to F0 (full-memory):
| Config | Latency(x) | QPS(%) | RSS(MB) | Mem Saved |
|--------|-----------|--------|---------|-----------|
| F0: Full | 1.00x | 100.00% | 644 | 0.00% |
| F1: c1024 | 17.54x | 5.70% | 384 | 40.37% |
| F2: c1024+gp | 9.13x | 10.95% | 392 | 39.13% |
| F3: c1024+gp+mk | 9.96x | 10.04% | 392 | 39.13% |
| F4: c512 | 74.65x | 1.34% | 242 | 62.42% |
| F5: c512+gp | 41.64x | 2.40% | 249 | 61.34% |

Prefetch effectiveness:
| Pair | No-PF Mean(ms) | PF Mean(ms) | Speedup | Hit% No-PF | Hit% PF | PF Submitted | PF Completed |
|------|----------------|-------------|---------|------------|---------|---------------|--------------|
| F1: c1024 vs F2: c1024+gp | 20.12 | 10.48 | 1.92x | 96.19 | 100.00 | 13982 | 13982 |
| F4: c512 vs F5: c512+gp | 85.64 | 47.77 | 1.79x | 84.10 | 99.93 | 58357 | 58357 |

===============================================

JSON saved to logs/d4_prefetch_benchmark.json
