=== D4 Graph Prefetch Benchmark ===
k=10, ef=50

[1] Loading data...
  Base: 1000000, Query: 200, dim=128
  Blocks: 2225, block_size=262144

[2] F0: Full-memory (cache=2225)...
[DiskHNSW] Loading graph structure (slim) from output/test1m_graph.bin...
  [slim] Loading vectors for 63002 upper-layer nodes (30MB, skipping 488MB)
  [slim] Loaded graph structure from output/test1m_graph.bin (1000000 nodes, 63002 upper)
[DiskHNSW] Graph: 1000000 nodes, dim=128, max_level=5, entry_point=572119
[DiskHNSW] Loading BFS order from output/test1m_bfs.bin...
[DiskHNSW] BFS mapping loaded: 1000000 entries
[DiskHNSW] Initializing BlockCache...
[BfsLayoutProvider] Loaded route table: 1000000 entries, 2225 blocks
[BlockCache] Initialized: block_size=262144, num_blocks=2225, cache_slots=2225, dim=128, layout=bfs, policy=lru, io_mode=cached

=== F0: Full ===
  Recall@GT:    0%
  Recall@HNSW:  100%
  Mean:         620.624 us (0.620624 ms)
  P50:          608.687 us
  P95:          748.869 us
  P99:          845.383 us
  QPS:          1611.16
  Cache hit:    100%
  RSS:          667 MB

[3] F1: OD c1024, no prefetch...
[BfsLayoutProvider] Loaded route table: 1000000 entries, 2225 blocks
[BlockCache] Initialized: block_size=262144, num_blocks=2225, cache_slots=1024, dim=128, layout=bfs, policy=lru, io_mode=direct
[DiskHNSW] Loading graph structure (slim) from output/test1m_graph.bin...
  [slim] Loading vectors for 63002 upper-layer nodes (30MB, skipping 488MB)
  [slim] Loaded graph structure from output/test1m_graph.bin (1000000 nodes, 63002 upper)
[DiskHNSW] Graph: 1000000 nodes, dim=128, max_level=5, entry_point=572119
[DiskHNSW] Loading BFS order from output/test1m_bfs.bin...
[DiskHNSW] BFS mapping loaded: 1000000 entries
[DiskHNSW] BlockCache (pluggable) initialized

=== F1: c1024 ===
  Recall@GT:    0%
  Recall@HNSW:  100%
  Mean:         68860.3 us (68.8603 ms)
  P50:          66012.6 us
  P95:          101556 us
  P99:          121564 us
  QPS:          14.5221
  Cache hit:    71.9183%
  RSS:          368 MB

[4] F2: OD c1024 + graph prefetch...
[BfsLayoutProvider] Loaded route table: 1000000 entries, 2225 blocks
[BlockCache] Initialized: block_size=262144, num_blocks=2225, cache_slots=1024, dim=128, layout=bfs, policy=lru, io_mode=direct
[DiskHNSW] Loading graph structure (slim) from output/test1m_graph.bin...
  [slim] Loading vectors for 63002 upper-layer nodes (30MB, skipping 488MB)
  [slim] Loaded graph structure from output/test1m_graph.bin (1000000 nodes, 63002 upper)
[DiskHNSW] Graph: 1000000 nodes, dim=128, max_level=5, entry_point=572119
[DiskHNSW] Loading BFS order from output/test1m_bfs.bin...
[DiskHNSW] BFS mapping loaded: 1000000 entries
[DiskHNSW] BlockCache (pluggable) initialized
[GraphPrefetcher] Initialized: ring_size=128, block_size=262144, odirect=yes, fd=3, read_coalescing=enabled
[DiskHNSW] Graph-guided prefetch enabled (io_uring, odirect=yes)

=== F2: c1024+gp ===
  Recall@GT:    0%
  Recall@HNSW:  100%
  Mean:         29926.7 us (29.9267 ms)
  P50:          28316.3 us
  P95:          45571.1 us
  P99:          52432.8 us
  QPS:          33.4149
  Cache hit:    84.729%
  RSS:          379 MB
  Graph PF:     submitted=48873 completed=48873 skipped=235287

  --- GraphPrefetcher Detailed Stats ---
  submit_calls:     11395
  total_submit_us:  1.52172e+06 (avg=133.543 us/call)
  reap_calls:       50201
  total_reap_us:    2.41111e+06 (avg=48.0292 us/call)
  wait_calls:       38806
  total_wait_us:    4.54308e+06 (avg=117.071 us/call)
  total_pf_time_us: 8.47591e+06 (8475.91 ms)
  submitted:        48873
  completed:        48873
  failed:           0
  skipped:          235287
  --- Read Coalescing Stats ---
  single_requests:  48473
  coalesced_reqs:   200
  coalesced_blocks: 400
  max_coalesce_run: 2
  blocks_in_coalesce: 0.818448% of total blocks
  io_reduction:      0.409224% (fewer I/O requests)
  actual_io_count:   48673 (vs 48873 without coalescing)

[6] F4: OD c512, no prefetch...
[BfsLayoutProvider] Loaded route table: 1000000 entries, 2225 blocks
[BlockCache] Initialized: block_size=262144, num_blocks=2225, cache_slots=512, dim=128, layout=bfs, policy=lru, io_mode=direct
[DiskHNSW] Loading graph structure (slim) from output/test1m_graph.bin...
  [slim] Loading vectors for 63002 upper-layer nodes (30MB, skipping 488MB)
  [slim] Loaded graph structure from output/test1m_graph.bin (1000000 nodes, 63002 upper)
[DiskHNSW] Graph: 1000000 nodes, dim=128, max_level=5, entry_point=572119
[DiskHNSW] Loading BFS order from output/test1m_bfs.bin...
[DiskHNSW] BFS mapping loaded: 1000000 entries
[DiskHNSW] BlockCache (pluggable) initialized

=== F4: c512 ===
  Recall@GT:    0%
  Recall@HNSW:  100%
  Mean:         176367 us (176.367 ms)
  P50:          176623 us
  P95:          248554 us
  P99:          313425 us
  QPS:          5.66997
  Cache hit:    46.5571%
  RSS:          233 MB

[7] F5: OD c512 + graph prefetch...
[BfsLayoutProvider] Loaded route table: 1000000 entries, 2225 blocks
[BlockCache] Initialized: block_size=262144, num_blocks=2225, cache_slots=512, dim=128, layout=bfs, policy=lru, io_mode=direct
[DiskHNSW] Loading graph structure (slim) from output/test1m_graph.bin...
  [slim] Loading vectors for 63002 upper-layer nodes (30MB, skipping 488MB)
  [slim] Loaded graph structure from output/test1m_graph.bin (1000000 nodes, 63002 upper)
[DiskHNSW] Graph: 1000000 nodes, dim=128, max_level=5, entry_point=572119
[DiskHNSW] Loading BFS order from output/test1m_bfs.bin...
[DiskHNSW] BFS mapping loaded: 1000000 entries
[DiskHNSW] BlockCache (pluggable) initialized
[GraphPrefetcher] Initialized: ring_size=128, block_size=262144, odirect=yes, fd=3, read_coalescing=enabled
[DiskHNSW] Graph-guided prefetch enabled (io_uring, odirect=yes)

=== F5: c512+gp ===
  Recall@GT:    0%
  Recall@HNSW:  100%
  Mean:         73426.1 us (73.4261 ms)
  P50:          71432.9 us
  P95:          99388.4 us
  P99:          116589 us
  QPS:          13.6191
  Cache hit:    71.3384%
  RSS:          247 MB
  Graph PF:     submitted=112294 completed=112294 skipped=171866


========== D4 Graph Prefetch Benchmark ==========

| Config | Mean(ms) | P99(ms) | QPS | Hit% | RSS(MB) | Cache(MB) | R@HNSW | PF Mode |
|--------|----------|---------|-----|------|---------|-----------|--------|---------|
| F0: Full | 0.62 | 0.85 | 1611.2 | 100.0 | 667 | 556 | 100.00% | none |
| F1: c1024 | 68.86 | 121.56 | 14.5 | 71.9 | 368 | 256 | 100.00% | none |
| F2: c1024+gp | 29.93 | 52.43 | 33.4 | 84.7 | 379 | 256 | 100.00% | graph |
| F4: c512 | 176.37 | 313.42 | 5.7 | 46.6 | 233 | 128 | 100.00% | none |
| F5: c512+gp | 73.43 | 116.59 | 13.6 | 71.3 | 247 | 128 | 100.00% | graph |

Relative to F0 (full-memory):
| Config | Latency(x) | QPS(%) | RSS(MB) | Mem Saved |
|--------|-----------|--------|---------|-----------|
| F0: Full | 1.00x | 100.00% | 667 | 0.00% |
| F1: c1024 | 110.95x | 0.90% | 368 | 44.83% |
| F2: c1024+gp | 48.22x | 2.07% | 379 | 43.18% |
| F4: c512 | 284.18x | 0.35% | 233 | 65.07% |
| F5: c512+gp | 118.31x | 0.85% | 247 | 62.97% |

Prefetch effectiveness:
| Pair | No-PF Mean(ms) | PF Mean(ms) | Speedup | Hit% No-PF | Hit% PF | PF Submitted | PF Completed |
|------|----------------|-------------|---------|------------|---------|---------------|--------------|
| F1: c1024 vs F2: c1024+gp | 68.86 | 29.93 | 2.30x | 71.92 | 84.73 | 48873 | 48873 |
| F4: c512 vs F5: c512+gp | 176.37 | 73.43 | 2.40x | 46.56 | 71.34 | 112294 | 112294 |

===============================================

JSON saved to logs/d4_prefetch_benchmark.json
