=== D4 Graph Prefetch Benchmark ===
k=10, ef=50

[1] Loading data...
  Base: 1000000, Query: 200, dim=128
  Blocks: 556, block_size=1048576

[2] F0: Full-memory (cache=556)...
[DiskHNSW] Loading graph structure (slim) from output/test1m_graph.bin...
  [slim] Loading vectors for 63002 upper-layer nodes (30MB, skipping 488MB)
  [slim] Loaded graph structure from output/test1m_graph.bin (1000000 nodes, 63002 upper)
[DiskHNSW] Graph: 1000000 nodes, dim=128, max_level=5, entry_point=572119
[DiskHNSW] Loading BFS order from output/test1m_bfs.bin...
[DiskHNSW] BFS mapping loaded: 1000000 entries
[DiskHNSW] Initializing BlockCache...
[BfsLayoutProvider] Loaded route table: 1000000 entries, 556 blocks
[BlockCache] Initialized: block_size=1048576, num_blocks=556, cache_slots=556, dim=128, layout=bfs, policy=lru, io_mode=cached

=== F0: Full ===
  Recall@GT:    0%
  Recall@HNSW:  100%
  Mean:         602.351 us (0.602351 ms)
  P50:          590.22 us
  P95:          717.538 us
  P99:          804.601 us
  QPS:          1659.97
  Cache hit:    100%
  RSS:          669 MB

[3] F1: OD c1024, no prefetch...
[BfsLayoutProvider] Loaded route table: 1000000 entries, 556 blocks
[BlockCache] Initialized: block_size=1048576, num_blocks=556, cache_slots=1024, dim=128, layout=bfs, policy=lru, io_mode=direct
[DiskHNSW] Loading graph structure (slim) from output/test1m_graph.bin...
  [slim] Loading vectors for 63002 upper-layer nodes (30MB, skipping 488MB)
  [slim] Loaded graph structure from output/test1m_graph.bin (1000000 nodes, 63002 upper)
[DiskHNSW] Graph: 1000000 nodes, dim=128, max_level=5, entry_point=572119
[DiskHNSW] Loading BFS order from output/test1m_bfs.bin...
[DiskHNSW] BFS mapping loaded: 1000000 entries
[DiskHNSW] BlockCache (pluggable) initialized

=== F1: c1024 ===
  Recall@GT:    0%
  Recall@HNSW:  100%
  Mean:         848.149 us (0.848149 ms)
  P50:          611.961 us
  P95:          2881.85 us
  P99:          5940.85 us
  QPS:          1178.9
  Cache hit:    99.6355%
  RSS:          668 MB

[4] F2: OD c1024 + graph prefetch...
[BfsLayoutProvider] Loaded route table: 1000000 entries, 556 blocks
[BlockCache] Initialized: block_size=1048576, num_blocks=556, cache_slots=1024, dim=128, layout=bfs, policy=lru, io_mode=direct
[DiskHNSW] Loading graph structure (slim) from output/test1m_graph.bin...
  [slim] Loading vectors for 63002 upper-layer nodes (30MB, skipping 488MB)
  [slim] Loaded graph structure from output/test1m_graph.bin (1000000 nodes, 63002 upper)
[DiskHNSW] Graph: 1000000 nodes, dim=128, max_level=5, entry_point=572119
[DiskHNSW] Loading BFS order from output/test1m_bfs.bin...
[DiskHNSW] BFS mapping loaded: 1000000 entries
[DiskHNSW] BlockCache (pluggable) initialized
[GraphPrefetcher] Initialized: ring_size=128, block_size=1048576, odirect=yes, fd=3
[DiskHNSW] Graph-guided prefetch enabled (io_uring, odirect=yes)

=== F2: c1024+gp ===
  Recall@GT:    0%
  Recall@HNSW:  100%
  Mean:         665.177 us (0.665177 ms)
  P50:          593.713 us
  P95:          1286.05 us
  P99:          2000.92 us
  QPS:          1503.3
  Cache hit:    99.8012%
  RSS:          691 MB
  Graph PF:     submitted=537 completed=537 skipped=265165

  --- GraphPrefetcher Detailed Stats ---
  submit_calls:     175
  total_submit_us:  42366.8 (avg=242.096 us/call)
  reap_calls:       445
  total_reap_us:    218304 (avg=490.57 us/call)
  wait_calls:       270
  total_wait_us:    239534 (avg=887.163 us/call)
  total_pf_time_us: 500205 (500.205 ms)
  submitted:        537
  completed:        537
  failed:           0
  skipped:          265165

[6] F4: OD c512, no prefetch...
[BfsLayoutProvider] Loaded route table: 1000000 entries, 556 blocks
[BlockCache] Initialized: block_size=1048576, num_blocks=556, cache_slots=512, dim=128, layout=bfs, policy=lru, io_mode=direct
[DiskHNSW] Loading graph structure (slim) from output/test1m_graph.bin...
  [slim] Loading vectors for 63002 upper-layer nodes (30MB, skipping 488MB)
  [slim] Loaded graph structure from output/test1m_graph.bin (1000000 nodes, 63002 upper)
[DiskHNSW] Graph: 1000000 nodes, dim=128, max_level=5, entry_point=572119
[DiskHNSW] Loading BFS order from output/test1m_bfs.bin...
[DiskHNSW] BFS mapping loaded: 1000000 entries
[DiskHNSW] BlockCache (pluggable) initialized

=== F4: c512 ===
  Recall@GT:    0%
  Recall@HNSW:  100%
  Mean:         2744.03 us (2.74403 ms)
  P50:          2259.35 us
  P95:          5906.48 us
  P99:          10732.8 us
  QPS:          364.422
  Cache hit:    98.9349%
  RSS:          639 MB

[7] F5: OD c512 + graph prefetch...
[BfsLayoutProvider] Loaded route table: 1000000 entries, 556 blocks
[BlockCache] Initialized: block_size=1048576, num_blocks=556, cache_slots=512, dim=128, layout=bfs, policy=lru, io_mode=direct
[DiskHNSW] Loading graph structure (slim) from output/test1m_graph.bin...
  [slim] Loading vectors for 63002 upper-layer nodes (30MB, skipping 488MB)
  [slim] Loaded graph structure from output/test1m_graph.bin (1000000 nodes, 63002 upper)
[DiskHNSW] Graph: 1000000 nodes, dim=128, max_level=5, entry_point=572119
[DiskHNSW] Loading BFS order from output/test1m_bfs.bin...
[DiskHNSW] BFS mapping loaded: 1000000 entries
[DiskHNSW] BlockCache (pluggable) initialized
[GraphPrefetcher] Initialized: ring_size=128, block_size=1048576, odirect=yes, fd=3
[DiskHNSW] Graph-guided prefetch enabled (io_uring, odirect=yes)

=== F5: c512+gp ===
  Recall@GT:    0%
  Recall@HNSW:  100%
  Mean:         2538.51 us (2.53851 ms)
  P50:          2216.5 us
  P95:          5469.85 us
  P99:          8832.31 us
  QPS:          393.928
  Cache hit:    99.4164%
  RSS:          663 MB
  Graph PF:     submitted=1566 completed=1566 skipped=264136


========== D4 Graph Prefetch Benchmark ==========

| Config | Mean(ms) | P99(ms) | QPS | Hit% | RSS(MB) | Cache(MB) | R@HNSW | PF Mode |
|--------|----------|---------|-----|------|---------|-----------|--------|---------|
| F0: Full | 0.60 | 0.80 | 1660.0 | 100.0 | 669 | 556 | 100.00% | none |
| F1: c1024 | 0.85 | 5.94 | 1178.9 | 99.6 | 668 | 1024 | 100.00% | none |
| F2: c1024+gp | 0.67 | 2.00 | 1503.3 | 99.8 | 691 | 1024 | 100.00% | graph |
| F4: c512 | 2.74 | 10.73 | 364.4 | 98.9 | 639 | 512 | 100.00% | none |
| F5: c512+gp | 2.54 | 8.83 | 393.9 | 99.4 | 663 | 512 | 100.00% | graph |

Relative to F0 (full-memory):
| Config | Latency(x) | QPS(%) | RSS(MB) | Mem Saved |
|--------|-----------|--------|---------|-----------|
| F0: Full | 1.00x | 100.00% | 669 | 0.00% |
| F1: c1024 | 1.41x | 71.02% | 668 | 0.15% |
| F2: c1024+gp | 1.10x | 90.56% | 691 | -3.29% |
| F4: c512 | 4.56x | 21.95% | 639 | 4.48% |
| F5: c512+gp | 4.21x | 23.73% | 663 | 0.90% |

Prefetch effectiveness:
| Pair | No-PF Mean(ms) | PF Mean(ms) | Speedup | Hit% No-PF | Hit% PF | PF Submitted | PF Completed |
|------|----------------|-------------|---------|------------|---------|---------------|--------------|
| F1: c1024 vs F2: c1024+gp | 0.85 | 0.67 | 1.28x | 99.64 | 99.80 | 537 | 537 |
| F4: c512 vs F5: c512+gp | 2.74 | 2.54 | 1.08x | 98.93 | 99.42 | 1566 | 1566 |

===============================================

JSON saved to logs/d4_prefetch_benchmark.json
