=== D4 Graph Prefetch Benchmark ===
k=10, ef=50

[1] Loading data...
  Base: 1000000, Query: 200, dim=128
  Blocks: 2225, block_size=262144

[2] F0: Full-memory (cache=2225)...
[DiskHNSW] Loading graph structure (slim) from output/test1m_graph.bin...
  [slim] Loading vectors for 63002 upper-layer nodes (30MB, skipping 488MB)
  [slim] Loaded graph structure from output/test1m_graph.bin (1000000 nodes, 63002 upper)
[DiskHNSW] Graph: 1000000 nodes, dim=128, max_level=5, entry_point=572119
[DiskHNSW] Loading BFS order from output/test1m_bfs.bin...
[DiskHNSW] BFS mapping loaded: 1000000 entries
[DiskHNSW] Initializing BlockCache...
[BfsLayoutProvider] Loaded route table: 1000000 entries, 2225 blocks
[BlockCache] Initialized: block_size=262144, num_blocks=2225, cache_slots=2225, dim=128, layout=bfs, policy=lru, io_mode=cached

=== F0: Full ===
  Recall@GT:    0%
  Recall@HNSW:  100%
  Mean:         615.739 us (0.615739 ms)
  P50:          601.788 us
  P95:          744.63 us
  P99:          865.957 us
  QPS:          1623.93
  Cache hit:    100%
  RSS:          667 MB

[3] F1: OD c1024, no prefetch...
[BfsLayoutProvider] Loaded route table: 1000000 entries, 2225 blocks
[BlockCache] Initialized: block_size=262144, num_blocks=2225, cache_slots=1024, dim=128, layout=bfs, policy=lru, io_mode=direct
[DiskHNSW] Loading graph structure (slim) from output/test1m_graph.bin...
  [slim] Loading vectors for 63002 upper-layer nodes (30MB, skipping 488MB)
  [slim] Loaded graph structure from output/test1m_graph.bin (1000000 nodes, 63002 upper)
[DiskHNSW] Graph: 1000000 nodes, dim=128, max_level=5, entry_point=572119
[DiskHNSW] Loading BFS order from output/test1m_bfs.bin...
[DiskHNSW] BFS mapping loaded: 1000000 entries
[DiskHNSW] BlockCache (pluggable) initialized

=== F1: c1024 ===
  Recall@GT:    0%
  Recall@HNSW:  100%
  Mean:         68500.1 us (68.5001 ms)
  P50:          66328.3 us
  P95:          100832 us
  P99:          120803 us
  QPS:          14.5985
  Cache hit:    71.9183%
  RSS:          368 MB

[4] F2: OD c1024 + graph prefetch...
[BfsLayoutProvider] Loaded route table: 1000000 entries, 2225 blocks
[BlockCache] Initialized: block_size=262144, num_blocks=2225, cache_slots=1024, dim=128, layout=bfs, policy=lru, io_mode=direct
[DiskHNSW] Loading graph structure (slim) from output/test1m_graph.bin...
  [slim] Loading vectors for 63002 upper-layer nodes (30MB, skipping 488MB)
  [slim] Loaded graph structure from output/test1m_graph.bin (1000000 nodes, 63002 upper)
[DiskHNSW] Graph: 1000000 nodes, dim=128, max_level=5, entry_point=572119
[DiskHNSW] Loading BFS order from output/test1m_bfs.bin...
[DiskHNSW] BFS mapping loaded: 1000000 entries
[DiskHNSW] BlockCache (pluggable) initialized
[GraphPrefetcher] Initialized: ring_size=128, block_size=262144, odirect=yes, fd=3, read_coalescing=enabled
[DiskHNSW] Graph-guided prefetch enabled (io_uring, odirect=yes)

=== F2: c1024+gp ===
  Recall@GT:    0%
  Recall@HNSW:  100%
  Mean:         28035.8 us (28.0358 ms)
  P50:          27285.3 us
  P95:          38837 us
  P99:          44980.4 us
  QPS:          35.6686
  Cache hit:    84.729%
  RSS:          377 MB
  Graph PF:     submitted=48873 completed=48873 skipped=235287

  --- GraphPrefetcher Detailed Stats ---
  submit_calls:     11395
  total_submit_us:  738467 (avg=64.8062 us/call)
  reap_calls:       57753
  total_reap_us:    1.93271e+06 (avg=33.4651 us/call)
  wait_calls:       46358
  total_wait_us:    4.99796e+06 (avg=107.812 us/call)
  total_pf_time_us: 7.66914e+06 (7669.14 ms)
  submitted:        48873
  completed:        48873
  failed:           0
  skipped:          235287
  --- Read Coalescing Stats ---
  single_requests:  48473
  coalesced_reqs:   200
  coalesced_blocks: 400
  max_coalesce_run: 2
  blocks_in_coalesce: 0.818448% of total blocks
  io_reduction:      0.409224% (fewer I/O requests)
  actual_io_count:   48673 (vs 48873 without coalescing)

[6] F4: OD c512, no prefetch...
[BfsLayoutProvider] Loaded route table: 1000000 entries, 2225 blocks
[BlockCache] Initialized: block_size=262144, num_blocks=2225, cache_slots=512, dim=128, layout=bfs, policy=lru, io_mode=direct
[DiskHNSW] Loading graph structure (slim) from output/test1m_graph.bin...
  [slim] Loading vectors for 63002 upper-layer nodes (30MB, skipping 488MB)
  [slim] Loaded graph structure from output/test1m_graph.bin (1000000 nodes, 63002 upper)
[DiskHNSW] Graph: 1000000 nodes, dim=128, max_level=5, entry_point=572119
[DiskHNSW] Loading BFS order from output/test1m_bfs.bin...
[DiskHNSW] BFS mapping loaded: 1000000 entries
[DiskHNSW] BlockCache (pluggable) initialized

=== F4: c512 ===
  Recall@GT:    0%
  Recall@HNSW:  100%
  Mean:         150242 us (150.242 ms)
  P50:          146740 us
  P95:          203899 us
  P99:          232967 us
  QPS:          6.65591
  Cache hit:    46.5571%
  RSS:          233 MB

[7] F5: OD c512 + graph prefetch...
[BfsLayoutProvider] Loaded route table: 1000000 entries, 2225 blocks
[BlockCache] Initialized: block_size=262144, num_blocks=2225, cache_slots=512, dim=128, layout=bfs, policy=lru, io_mode=direct
[DiskHNSW] Loading graph structure (slim) from output/test1m_graph.bin...
  [slim] Loading vectors for 63002 upper-layer nodes (30MB, skipping 488MB)
  [slim] Loaded graph structure from output/test1m_graph.bin (1000000 nodes, 63002 upper)
[DiskHNSW] Graph: 1000000 nodes, dim=128, max_level=5, entry_point=572119
[DiskHNSW] Loading BFS order from output/test1m_bfs.bin...
[DiskHNSW] BFS mapping loaded: 1000000 entries
[DiskHNSW] BlockCache (pluggable) initialized
[GraphPrefetcher] Initialized: ring_size=128, block_size=262144, odirect=yes, fd=3, read_coalescing=enabled
[DiskHNSW] Graph-guided prefetch enabled (io_uring, odirect=yes)

=== F5: c512+gp ===
  Recall@GT:    0%
  Recall@HNSW:  100%
  Mean:         80301.5 us (80.3015 ms)
  P50:          79278.1 us
  P95:          131740 us
  P99:          150125 us
  QPS:          12.453
  Cache hit:    71.3384%
  RSS:          247 MB
  Graph PF:     submitted=112294 completed=112294 skipped=171866


========== D4 Graph Prefetch Benchmark ==========

| Config | Mean(ms) | P99(ms) | QPS | Hit% | RSS(MB) | Cache(MB) | R@HNSW | PF Mode |
|--------|----------|---------|-----|------|---------|-----------|--------|---------|
| F0: Full | 0.62 | 0.87 | 1623.9 | 100.0 | 667 | 556 | 100.00% | none |
| F1: c1024 | 68.50 | 120.80 | 14.6 | 71.9 | 368 | 256 | 100.00% | none |
| F2: c1024+gp | 28.04 | 44.98 | 35.7 | 84.7 | 377 | 256 | 100.00% | graph |
| F4: c512 | 150.24 | 232.97 | 6.7 | 46.6 | 233 | 128 | 100.00% | none |
| F5: c512+gp | 80.30 | 150.12 | 12.5 | 71.3 | 247 | 128 | 100.00% | graph |

Relative to F0 (full-memory):
| Config | Latency(x) | QPS(%) | RSS(MB) | Mem Saved |
|--------|-----------|--------|---------|-----------|
| F0: Full | 1.00x | 100.00% | 667 | 0.00% |
| F1: c1024 | 111.25x | 0.90% | 368 | 44.83% |
| F2: c1024+gp | 45.53x | 2.20% | 377 | 43.48% |
| F4: c512 | 244.00x | 0.41% | 233 | 65.07% |
| F5: c512+gp | 130.41x | 0.77% | 247 | 62.97% |

Prefetch effectiveness:
| Pair | No-PF Mean(ms) | PF Mean(ms) | Speedup | Hit% No-PF | Hit% PF | PF Submitted | PF Completed |
|------|----------------|-------------|---------|------------|---------|---------------|--------------|
| F1: c1024 vs F2: c1024+gp | 68.50 | 28.04 | 2.44x | 71.92 | 84.73 | 48873 | 48873 |
| F4: c512 vs F5: c512+gp | 150.24 | 80.30 | 1.87x | 46.56 | 71.34 | 112294 | 112294 |

===============================================

JSON saved to logs/d4_prefetch_benchmark.json
