=== D4 Graph Prefetch Benchmark ===
k=10, ef=50

[1] Loading data...
  Base: 1000000, Query: 200, dim=128
  Blocks: 2225, block_size=262144

[2] F0: Full-memory (cache=2225)...
[DiskHNSW] Loading graph structure (slim) from output/test1m_graph.bin...
  [slim] Loading vectors for 63002 upper-layer nodes (30MB, skipping 488MB)
  [slim] Loaded graph structure from output/test1m_graph.bin (1000000 nodes, 63002 upper)
[DiskHNSW] Graph: 1000000 nodes, dim=128, max_level=5, entry_point=572119
[DiskHNSW] Loading BFS order from output/test1m_bfs.bin...
[DiskHNSW] BFS mapping loaded: 1000000 entries
[DiskHNSW] Initializing BlockCache...
[BfsLayoutProvider] Loaded route table: 1000000 entries, 2225 blocks
[BlockCache] Initialized: block_size=262144, num_blocks=2225, cache_slots=2225, dim=128, layout=bfs, policy=lru, io_mode=cached

=== F0: Full ===
  Recall@GT:    0%
  Recall@HNSW:  100%
  Mean:         622.435 us (0.622435 ms)
  P50:          612.002 us
  P95:          769.151 us
  P99:          855.039 us
  QPS:          1606.4
  Cache hit:    100%
  RSS:          667 MB

[3] F1: OD c1024, no prefetch...
[BfsLayoutProvider] Loaded route table: 1000000 entries, 2225 blocks
[BlockCache] Initialized: block_size=262144, num_blocks=2225, cache_slots=1024, dim=128, layout=bfs, policy=lru, io_mode=direct
[DiskHNSW] Loading graph structure (slim) from output/test1m_graph.bin...
  [slim] Loading vectors for 63002 upper-layer nodes (30MB, skipping 488MB)
  [slim] Loaded graph structure from output/test1m_graph.bin (1000000 nodes, 63002 upper)
[DiskHNSW] Graph: 1000000 nodes, dim=128, max_level=5, entry_point=572119
[DiskHNSW] Loading BFS order from output/test1m_bfs.bin...
[DiskHNSW] BFS mapping loaded: 1000000 entries
[DiskHNSW] BlockCache (pluggable) initialized

=== F1: c1024 ===
  Recall@GT:    0%
  Recall@HNSW:  100%
  Mean:         68369 us (68.369 ms)
  P50:          66638.2 us
  P95:          100835 us
  P99:          120623 us
  QPS:          14.6265
  Cache hit:    71.9183%
  RSS:          368 MB

[4] F2: OD c1024 + graph prefetch...
[BfsLayoutProvider] Loaded route table: 1000000 entries, 2225 blocks
[BlockCache] Initialized: block_size=262144, num_blocks=2225, cache_slots=1024, dim=128, layout=bfs, policy=lru, io_mode=direct
[DiskHNSW] Loading graph structure (slim) from output/test1m_graph.bin...
  [slim] Loading vectors for 63002 upper-layer nodes (30MB, skipping 488MB)
  [slim] Loaded graph structure from output/test1m_graph.bin (1000000 nodes, 63002 upper)
[DiskHNSW] Graph: 1000000 nodes, dim=128, max_level=5, entry_point=572119
[DiskHNSW] Loading BFS order from output/test1m_bfs.bin...
[DiskHNSW] BFS mapping loaded: 1000000 entries
[DiskHNSW] BlockCache (pluggable) initialized
[GraphPrefetcher] Initialized: ring_size=128, block_size=262144, odirect=yes, fd=3, read_coalescing=enabled (cross-call, threshold=16)
[DiskHNSW] Graph-guided prefetch enabled (io_uring, odirect=yes)

=== F2: c1024+gp ===
  Recall@GT:    0%
  Recall@HNSW:  100%
  Mean:         29297.5 us (29.2975 ms)
  P50:          27902 us
  P95:          42809.5 us
  P99:          48148.5 us
  QPS:          34.1325
  Cache hit:    84.729%
  RSS:          378 MB
  Graph PF:     submitted=48873 completed=48873 skipped=235287

  --- GraphPrefetcher Detailed Stats ---
  submit_calls:     11395
  total_submit_us:  942133 (avg=82.6795 us/call)
  reap_calls:       55125
  total_reap_us:    2.24814e+06 (avg=40.7826 us/call)
  wait_calls:       43730
  total_wait_us:    5.02457e+06 (avg=114.9 us/call)
  total_pf_time_us: 8.21485e+06 (8214.85 ms)
  submitted:        48873
  completed:        48873
  failed:           0
  skipped:          235287
  --- Read Coalescing Stats ---
  single_requests:  48473
  coalesced_reqs:   200
  coalesced_blocks: 400
  max_coalesce_run: 2
  blocks_in_coalesce: 0.818448% of total blocks
  io_reduction:      0.409224% (fewer I/O requests)
  actual_io_count:   48673 (vs 48873 without coalescing)

[6] F4: OD c512, no prefetch...
[BfsLayoutProvider] Loaded route table: 1000000 entries, 2225 blocks
[BlockCache] Initialized: block_size=262144, num_blocks=2225, cache_slots=512, dim=128, layout=bfs, policy=lru, io_mode=direct
[DiskHNSW] Loading graph structure (slim) from output/test1m_graph.bin...
  [slim] Loading vectors for 63002 upper-layer nodes (30MB, skipping 488MB)
  [slim] Loaded graph structure from output/test1m_graph.bin (1000000 nodes, 63002 upper)
[DiskHNSW] Graph: 1000000 nodes, dim=128, max_level=5, entry_point=572119
[DiskHNSW] Loading BFS order from output/test1m_bfs.bin...
[DiskHNSW] BFS mapping loaded: 1000000 entries
[DiskHNSW] BlockCache (pluggable) initialized

=== F4: c512 ===
  Recall@GT:    0%
  Recall@HNSW:  100%
  Mean:         152735 us (152.735 ms)
  P50:          150015 us
  P95:          205504 us
  P99:          229462 us
  QPS:          6.54729
  Cache hit:    46.5571%
  RSS:          233 MB

[7] F5: OD c512 + graph prefetch...
[BfsLayoutProvider] Loaded route table: 1000000 entries, 2225 blocks
[BlockCache] Initialized: block_size=262144, num_blocks=2225, cache_slots=512, dim=128, layout=bfs, policy=lru, io_mode=direct
[DiskHNSW] Loading graph structure (slim) from output/test1m_graph.bin...
  [slim] Loading vectors for 63002 upper-layer nodes (30MB, skipping 488MB)
  [slim] Loaded graph structure from output/test1m_graph.bin (1000000 nodes, 63002 upper)
[DiskHNSW] Graph: 1000000 nodes, dim=128, max_level=5, entry_point=572119
[DiskHNSW] Loading BFS order from output/test1m_bfs.bin...
[DiskHNSW] BFS mapping loaded: 1000000 entries
[DiskHNSW] BlockCache (pluggable) initialized
[GraphPrefetcher] Initialized: ring_size=128, block_size=262144, odirect=yes, fd=3, read_coalescing=enabled (cross-call, threshold=16)
[DiskHNSW] Graph-guided prefetch enabled (io_uring, odirect=yes)

=== F5: c512+gp ===
  Recall@GT:    0%
  Recall@HNSW:  100%
  Mean:         102442 us (102.442 ms)
  P50:          106013 us
  P95:          160016 us
  P99:          182867 us
  QPS:          9.76157
  Cache hit:    71.3384%
  RSS:          247 MB
  Graph PF:     submitted=112294 completed=112294 skipped=171866


========== D4 Graph Prefetch Benchmark ==========

| Config | Mean(ms) | P99(ms) | QPS | Hit% | RSS(MB) | Cache(MB) | R@HNSW | PF Mode |
|--------|----------|---------|-----|------|---------|-----------|--------|---------|
| F0: Full | 0.62 | 0.86 | 1606.4 | 100.0 | 667 | 556 | 100.00% | none |
| F1: c1024 | 68.37 | 120.62 | 14.6 | 71.9 | 368 | 256 | 100.00% | none |
| F2: c1024+gp | 29.30 | 48.15 | 34.1 | 84.7 | 378 | 256 | 100.00% | graph |
| F4: c512 | 152.73 | 229.46 | 6.5 | 46.6 | 233 | 128 | 100.00% | none |
| F5: c512+gp | 102.44 | 182.87 | 9.8 | 71.3 | 247 | 128 | 100.00% | graph |

Relative to F0 (full-memory):
| Config | Latency(x) | QPS(%) | RSS(MB) | Mem Saved |
|--------|-----------|--------|---------|-----------|
| F0: Full | 1.00x | 100.00% | 667 | 0.00% |
| F1: c1024 | 109.84x | 0.91% | 368 | 44.83% |
| F2: c1024+gp | 47.07x | 2.12% | 378 | 43.33% |
| F4: c512 | 245.38x | 0.41% | 233 | 65.07% |
| F5: c512+gp | 164.58x | 0.61% | 247 | 62.97% |

Prefetch effectiveness:
| Pair | No-PF Mean(ms) | PF Mean(ms) | Speedup | Hit% No-PF | Hit% PF | PF Submitted | PF Completed |
|------|----------------|-------------|---------|------------|---------|---------------|--------------|
| F1: c1024 vs F2: c1024+gp | 68.37 | 29.30 | 2.33x | 71.92 | 84.73 | 48873 | 48873 |
| F4: c512 vs F5: c512+gp | 152.73 | 102.44 | 1.49x | 46.56 | 71.34 | 112294 | 112294 |

===============================================

JSON saved to logs/d4_prefetch_benchmark.json
