=== D4 Graph Prefetch Benchmark ===
k=10, ef=50

[1] Loading data...
  Base: 1000000, Query: 200, dim=128
  Blocks: 1112, block_size=524288

[2] F0: Full-memory (cache=1112)...
[DiskHNSW] Loading graph structure (slim) from output/test1m_graph.bin...
  [slim] Loading vectors for 63002 upper-layer nodes (30MB, skipping 488MB)
  [slim] Loaded graph structure from output/test1m_graph.bin (1000000 nodes, 63002 upper)
[DiskHNSW] Graph: 1000000 nodes, dim=128, max_level=5, entry_point=572119
[DiskHNSW] Loading BFS order from output/test1m_bfs.bin...
[DiskHNSW] BFS mapping loaded: 1000000 entries
[DiskHNSW] Initializing BlockCache...
[BfsLayoutProvider] Loaded route table: 1000000 entries, 1112 blocks
[BlockCache] Initialized: block_size=524288, num_blocks=1112, cache_slots=1112, dim=128, layout=bfs, policy=lru, io_mode=cached

=== F0: Full ===
  Recall@GT:    0%
  Recall@HNSW:  100%
  Mean:         712.821 us (0.712821 ms)
  P50:          704.061 us
  P95:          876.784 us
  P99:          917.288 us
  QPS:          1402.75
  Cache hit:    100%
  RSS:          667 MB

[3] F1: OD c1024, no prefetch...
[BfsLayoutProvider] Loaded route table: 1000000 entries, 1112 blocks
[BlockCache] Initialized: block_size=524288, num_blocks=1112, cache_slots=1024, dim=128, layout=bfs, policy=lru, io_mode=direct
[DiskHNSW] Loading graph structure (slim) from output/test1m_graph.bin...
  [slim] Loading vectors for 63002 upper-layer nodes (30MB, skipping 488MB)
  [slim] Loaded graph structure from output/test1m_graph.bin (1000000 nodes, 63002 upper)
[DiskHNSW] Graph: 1000000 nodes, dim=128, max_level=5, entry_point=572119
[DiskHNSW] Loading BFS order from output/test1m_bfs.bin...
[DiskHNSW] BFS mapping loaded: 1000000 entries
[DiskHNSW] BlockCache (pluggable) initialized

=== F1: c1024 ===
  Recall@GT:    0%
  Recall@HNSW:  100%
  Mean:         1944.14 us (1.94414 ms)
  P50:          1679.63 us
  P95:          3988.69 us
  P99:          5646.84 us
  QPS:          514.352
  Cache hit:    98.6614%
  RSS:          638 MB

[4] F2: OD c1024 + graph prefetch...
[BfsLayoutProvider] Loaded route table: 1000000 entries, 1112 blocks
[BlockCache] Initialized: block_size=524288, num_blocks=1112, cache_slots=1024, dim=128, layout=bfs, policy=lru, io_mode=direct
[DiskHNSW] Loading graph structure (slim) from output/test1m_graph.bin...
  [slim] Loading vectors for 63002 upper-layer nodes (30MB, skipping 488MB)
  [slim] Loaded graph structure from output/test1m_graph.bin (1000000 nodes, 63002 upper)
[DiskHNSW] Graph: 1000000 nodes, dim=128, max_level=5, entry_point=572119
[DiskHNSW] Loading BFS order from output/test1m_bfs.bin...
[DiskHNSW] BFS mapping loaded: 1000000 entries
[DiskHNSW] BlockCache (pluggable) initialized
[GraphPrefetcher] Initialized: ring_size=128, block_size=524288, odirect=yes, fd=3
[DiskHNSW] Graph-guided prefetch enabled (io_uring, odirect=yes)

=== F2: c1024+gp ===
  Recall@GT:    0%
  Recall@HNSW:  100%
  Mean:         1737.44 us (1.73744 ms)
  P50:          1595.77 us
  P95:          3424.95 us
  P99:          4532.68 us
  QPS:          575.549
  Cache hit:    99.2675%
  RSS:          651 MB
  Graph PF:     submitted=1974 completed=1974 skipped=275119

  --- GraphPrefetcher Detailed Stats ---
  submit_calls:     1077
  total_submit_us:  83366.4 (avg=77.4061 us/call)
  reap_calls:       2500
  total_reap_us:    273443 (avg=109.377 us/call)
  wait_calls:       1423
  total_wait_us:    395245 (avg=277.755 us/call)
  total_pf_time_us: 752054 (752.054 ms)
  submitted:        1974
  completed:        1974
  failed:           0
  skipped:          275119

[6] F4: OD c512, no prefetch...
[BfsLayoutProvider] Loaded route table: 1000000 entries, 1112 blocks
[BlockCache] Initialized: block_size=524288, num_blocks=1112, cache_slots=512, dim=128, layout=bfs, policy=lru, io_mode=direct
[DiskHNSW] Loading graph structure (slim) from output/test1m_graph.bin...
  [slim] Loading vectors for 63002 upper-layer nodes (30MB, skipping 488MB)
  [slim] Loaded graph structure from output/test1m_graph.bin (1000000 nodes, 63002 upper)
[DiskHNSW] Graph: 1000000 nodes, dim=128, max_level=5, entry_point=572119
[DiskHNSW] Loading BFS order from output/test1m_bfs.bin...
[DiskHNSW] BFS mapping loaded: 1000000 entries
[DiskHNSW] BlockCache (pluggable) initialized

=== F4: c512 ===
  Recall@GT:    0%
  Recall@HNSW:  100%
  Mean:         59136.8 us (59.1368 ms)
  P50:          57845.6 us
  P95:          93841.6 us
  P99:          107001 us
  QPS:          16.9099
  Cache hit:    71.9097%
  RSS:          369 MB

[7] F5: OD c512 + graph prefetch...
[BfsLayoutProvider] Loaded route table: 1000000 entries, 1112 blocks
[BlockCache] Initialized: block_size=524288, num_blocks=1112, cache_slots=512, dim=128, layout=bfs, policy=lru, io_mode=direct
[DiskHNSW] Loading graph structure (slim) from output/test1m_graph.bin...
  [slim] Loading vectors for 63002 upper-layer nodes (30MB, skipping 488MB)
  [slim] Loaded graph structure from output/test1m_graph.bin (1000000 nodes, 63002 upper)
[DiskHNSW] Graph: 1000000 nodes, dim=128, max_level=5, entry_point=572119
[DiskHNSW] Loading BFS order from output/test1m_bfs.bin...
[DiskHNSW] BFS mapping loaded: 1000000 entries
[DiskHNSW] BlockCache (pluggable) initialized
[GraphPrefetcher] Initialized: ring_size=128, block_size=524288, odirect=yes, fd=3
[DiskHNSW] Graph-guided prefetch enabled (io_uring, odirect=yes)

=== F5: c512+gp ===
  Recall@GT:    0%
  Recall@HNSW:  100%
  Mean:         84524.6 us (84.5246 ms)
  P50:          81063.1 us
  P95:          144756 us
  P99:          175981 us
  QPS:          11.8309
  Cache hit:    84.7065%
  RSS:          393 MB
  Graph PF:     submitted=48832 completed=48832 skipped=228261


========== D4 Graph Prefetch Benchmark ==========

| Config | Mean(ms) | P99(ms) | QPS | Hit% | RSS(MB) | Cache(MB) | R@HNSW | PF Mode |
|--------|----------|---------|-----|------|---------|-----------|--------|---------|
| F0: Full | 0.71 | 0.92 | 1402.8 | 100.0 | 667 | 556 | 100.00% | none |
| F1: c1024 | 1.94 | 5.65 | 514.4 | 98.7 | 638 | 512 | 100.00% | none |
| F2: c1024+gp | 1.74 | 4.53 | 575.5 | 99.3 | 651 | 512 | 100.00% | graph |
| F4: c512 | 59.14 | 107.00 | 16.9 | 71.9 | 369 | 256 | 100.00% | none |
| F5: c512+gp | 84.52 | 175.98 | 11.8 | 84.7 | 393 | 256 | 100.00% | graph |

Relative to F0 (full-memory):
| Config | Latency(x) | QPS(%) | RSS(MB) | Mem Saved |
|--------|-----------|--------|---------|-----------|
| F0: Full | 1.00x | 100.00% | 667 | 0.00% |
| F1: c1024 | 2.73x | 36.67% | 638 | 4.35% |
| F2: c1024+gp | 2.44x | 41.03% | 651 | 2.40% |
| F4: c512 | 82.96x | 1.21% | 369 | 44.68% |
| F5: c512+gp | 118.58x | 0.84% | 393 | 41.08% |

Prefetch effectiveness:
| Pair | No-PF Mean(ms) | PF Mean(ms) | Speedup | Hit% No-PF | Hit% PF | PF Submitted | PF Completed |
|------|----------------|-------------|---------|------------|---------|---------------|--------------|
| F1: c1024 vs F2: c1024+gp | 1.94 | 1.74 | 1.12x | 98.66 | 99.27 | 1974 | 1974 |
| F4: c512 vs F5: c512+gp | 59.14 | 84.52 | 0.70x | 71.91 | 84.71 | 48832 | 48832 |

===============================================

JSON saved to logs/d4_prefetch_benchmark.json
