=== cached I/O + fadvise Benchmark ===
k=10, ef=50

[1] Loading data...
  Base: 1000000, Query: 100, dim=128
  base_data freed
  Blocks: 2225

[2] F0: Full-memory (cache=2225)...
[DiskHNSW] Loading graph structure (slim) from output/test1m_graph.bin...
  [slim] Loading vectors for 63002 upper-layer nodes (30MB, skipping 488MB)
  [slim] Loaded graph structure from output/test1m_graph.bin (1000000 nodes, 63002 upper)
[DiskHNSW] Graph: 1000000 nodes, dim=128, max_level=5, entry_point=572119
[DiskHNSW] Loading BFS order from output/test1m_bfs.bin...
[DiskHNSW] BFS mapping loaded: 1000000 entries
[DiskHNSW] Initializing BlockCache...
[BfsLayoutProvider] Loaded route table: 1000000 entries, 2225 blocks
[BlockCache] Initialized: block_size=262144, num_blocks=2225, cache_slots=2225, dim=128, layout=bfs, policy=lru, io_mode=cached

=== F0: Full-mem ===
  Recall@HNSW:  100%
  Mean:         5783.65 us (5.78365 ms)
  P50:          5677.77 us
  P95:          6958.34 us
  P99:          7752.05 us
  QPS:          172.88
  Cache hit:    100%
  RSS:          613 MB
  Page cache:   0 MB
  Fadvise:      OFF

[3] F1: cached+fadvise, cache=64...
[DiskHNSW] Loading graph structure (slim) from output/test1m_graph.bin...
  [slim] Loading vectors for 63002 upper-layer nodes (30MB, skipping 488MB)
  [slim] Loaded graph structure from output/test1m_graph.bin (1000000 nodes, 63002 upper)
[DiskHNSW] Graph: 1000000 nodes, dim=128, max_level=5, entry_point=572119
[DiskHNSW] Loading BFS order from output/test1m_bfs.bin...
[DiskHNSW] BFS mapping loaded: 1000000 entries
[DiskHNSW] Initializing BlockCache...
[BfsLayoutProvider] Loaded route table: 1000000 entries, 2225 blocks
[BlockCache] Initialized: block_size=262144, num_blocks=2225, cache_slots=64, dim=128, layout=bfs, policy=lru, io_mode=cached

=== F1: c64+fadv ===
  Recall@HNSW:  100%
  Mean:         507368 us (507.368 ms)
  P50:          500295 us
  P95:          612712 us
  P99:          658456 us
  QPS:          1.89921
  Cache hit:    35.9224%
  RSS:          566 MB
  Page cache:   0 MB
  Fadvise:      ON

[4] F2: cached+fadvise, cache=256...
[DiskHNSW] Loading graph structure (slim) from output/test1m_graph.bin...
  [slim] Loading vectors for 63002 upper-layer nodes (30MB, skipping 488MB)
  [slim] Loaded graph structure from output/test1m_graph.bin (1000000 nodes, 63002 upper)
[DiskHNSW] Graph: 1000000 nodes, dim=128, max_level=5, entry_point=572119
[DiskHNSW] Loading BFS order from output/test1m_bfs.bin...
[DiskHNSW] BFS mapping loaded: 1000000 entries
[DiskHNSW] Initializing BlockCache...
[BfsLayoutProvider] Loaded route table: 1000000 entries, 2225 blocks
[BlockCache] Initialized: block_size=262144, num_blocks=2225, cache_slots=256, dim=128, layout=bfs, policy=lru, io_mode=cached

=== F2: c256+fadv ===
  Recall@HNSW:  100%
  Mean:         366882 us (366.882 ms)
  P50:          363998 us
  P95:          449858 us
  P99:          470199 us
  QPS:          2.59464
  Cache hit:    65.7996%
  RSS:          566 MB
  Page cache:   0 MB
  Fadvise:      ON

[5] F3: cached (no fadvise), cache=64...
[DiskHNSW] Loading graph structure (slim) from output/test1m_graph.bin...
  [slim] Loading vectors for 63002 upper-layer nodes (30MB, skipping 488MB)
  [slim] Loaded graph structure from output/test1m_graph.bin (1000000 nodes, 63002 upper)
[DiskHNSW] Graph: 1000000 nodes, dim=128, max_level=5, entry_point=572119
[DiskHNSW] Loading BFS order from output/test1m_bfs.bin...
[DiskHNSW] BFS mapping loaded: 1000000 entries
[DiskHNSW] Initializing BlockCache...
[BfsLayoutProvider] Loaded route table: 1000000 entries, 2225 blocks
[BlockCache] Initialized: block_size=262144, num_blocks=2225, cache_slots=64, dim=128, layout=bfs, policy=lru, io_mode=cached

=== F3: c64+nofadv ===
  Recall@HNSW:  100%
  Mean:         270874 us (270.874 ms)
  P50:          266934 us
  P95:          337016 us
  P99:          357537 us
  QPS:          3.69174
  Cache hit:    35.9224%
  RSS:          566 MB
  Page cache:   0 MB
  Fadvise:      OFF


========== cached I/O + fadvise Benchmark ==========

| Config | Mean(ms) | P99(ms) | QPS | Hit% | RSS(MB) | PageCache(MB) | R@HNSW |
|--------|----------|---------|-----|------|---------|---------------|--------|
| F0: Full-mem | 5.78 | 7.75 | 172.9 | 100.0 | 613 | 0 | 100.00% |
| F1: c64+fadv | 507.37 | 658.46 | 1.9 | 35.9 | 566 | 0 | 100.00% |
| F2: c256+fadv | 366.88 | 470.20 | 2.6 | 65.8 | 566 | 0 | 100.00% |
| F3: c64+nofadv | 270.87 | 357.54 | 3.7 | 35.9 | 566 | 0 | 100.00% |

Relative to F0 (full-memory):
| Config | Latency(x) | QPS(%) | RSS+Cache(MB) | Mem Saved |
|--------|-----------|--------|--------------|-----------|
| F0: Full-mem | 1.00x | 100.00% | 613 | 0.00% |
| F1: c64+fadv | 87.72x | 1.10% | 566 | 7.67% |
| F2: c256+fadv | 63.43x | 1.50% | 566 | 7.67% |
| F3: c64+nofadv | 46.83x | 2.14% | 566 | 7.67% |

===================================================

