=== I/O Overlap Benchmark ===
k=10, ef=50, num_queries=200
Blocks: 2225, block_size=262144

[1] Building HNSW baseline...
[DiskHNSW] Loading graph structure (slim) from output/test1m_graph.bin...
  [slim] Loading vectors for 63002 upper-layer nodes (30MB, skipping 488MB)
  [slim] Loaded graph structure from output/test1m_graph.bin (1000000 nodes, 63002 upper)
[DiskHNSW] Graph: 1000000 nodes, dim=128, max_level=5, entry_point=572119
[DiskHNSW] Loading BFS order from output/test1m_bfs.bin...
[DiskHNSW] BFS mapping loaded: 1000000 entries
[DiskHNSW] Initializing BlockCache...
[BfsLayoutProvider] Loaded route table: 1000000 entries, 2225 blocks
[BlockCache] Initialized: block_size=262144, num_blocks=2225, cache_slots=2225, dim=128, layout=bfs, policy=lru, io_mode=cached

[F0] Full-memory...
[DiskHNSW] Loading graph structure (slim) from output/test1m_graph.bin...
  [slim] Loading vectors for 63002 upper-layer nodes (30MB, skipping 488MB)
  [slim] Loaded graph structure from output/test1m_graph.bin (1000000 nodes, 63002 upper)
[DiskHNSW] Graph: 1000000 nodes, dim=128, max_level=5, entry_point=572119
[DiskHNSW] Loading BFS order from output/test1m_bfs.bin...
[DiskHNSW] BFS mapping loaded: 1000000 entries
[DiskHNSW] Initializing BlockCache...
[BfsLayoutProvider] Loaded route table: 1000000 entries, 2225 blocks
[BlockCache] Initialized: block_size=262144, num_blocks=2225, cache_slots=2225, dim=128, layout=bfs, policy=lru, io_mode=cached

=== F0: Full-mem ===
  Recall@HNSW:  100%
  Mean:         2.1024 ms
  P50:          1.82117 ms
  P95:          4.1877 ms
  P99:          6.56268 ms
  QPS:          475.572
  Cache hit:    99.3351%
  RSS:          664 MB

[F2-single] c1024+GP, blocking search...
[BfsLayoutProvider] Loaded route table: 1000000 entries, 2225 blocks
[BlockCache] Initialized: block_size=262144, num_blocks=2225, cache_slots=1024, dim=128, layout=bfs, policy=lru, io_mode=direct
[DiskHNSW] Loading graph structure (slim) from output/test1m_graph.bin...
  [slim] Loading vectors for 63002 upper-layer nodes (30MB, skipping 488MB)
  [slim] Loaded graph structure from output/test1m_graph.bin (1000000 nodes, 63002 upper)
[DiskHNSW] Graph: 1000000 nodes, dim=128, max_level=5, entry_point=572119
[DiskHNSW] Loading BFS order from output/test1m_bfs.bin...
[DiskHNSW] BFS mapping loaded: 1000000 entries
[DiskHNSW] BlockCache (pluggable) initialized
[GraphPrefetcher] Initialized: ring_size=512, block_size=262144, odirect=yes, fd=3
[DiskHNSW] Graph-guided prefetch enabled (io_uring, odirect=yes)

=== F2-single: c1024+GP (blocking) ===
  Recall@HNSW:  18.3%
  Mean:         2.67723 ms
  P50:          2.44822 ms
  P95:          5.10166 ms
  P99:          6.66611 ms
  QPS:          373.507
  Cache hit:    99.6744%
  RSS:          331 MB
  Graph PF:     submitted=801 skipped=102874 failed=0

[F2-batch-4] c1024+GP, batch non-blocking (bs=4)...
[BfsLayoutProvider] Loaded route table: 1000000 entries, 2225 blocks
[BlockCache] Initialized: block_size=262144, num_blocks=2225, cache_slots=1024, dim=128, layout=bfs, policy=lru, io_mode=direct
[DiskHNSW] Loading graph structure (slim) from output/test1m_graph.bin...
  [slim] Loading vectors for 63002 upper-layer nodes (30MB, skipping 488MB)
  [slim] Loaded graph structure from output/test1m_graph.bin (1000000 nodes, 63002 upper)
[DiskHNSW] Graph: 1000000 nodes, dim=128, max_level=5, entry_point=572119
[DiskHNSW] Loading BFS order from output/test1m_bfs.bin...
[DiskHNSW] BFS mapping loaded: 1000000 entries
[DiskHNSW] BlockCache (pluggable) initialized
[GraphPrefetcher] Initialized: ring_size=512, block_size=262144, odirect=yes, fd=3
[DiskHNSW] Graph-guided prefetch enabled (io_uring, odirect=yes)

=== F2-batch-4: c1024+GP (non-blocking) ===
  Recall@HNSW:  18.3%
  Mean:         2.75287 ms
  P50:          2.75287 ms
  P95:          2.75287 ms
  P99:          2.75287 ms
  QPS:          363.257
  Cache hit:    99.6744%
  RSS:          331 MB
  Graph PF:     submitted=801 skipped=102874 failed=0

[F2-batch-8] c1024+GP, batch non-blocking (bs=8)...
[BfsLayoutProvider] Loaded route table: 1000000 entries, 2225 blocks
[BlockCache] Initialized: block_size=262144, num_blocks=2225, cache_slots=1024, dim=128, layout=bfs, policy=lru, io_mode=direct
[DiskHNSW] Loading graph structure (slim) from output/test1m_graph.bin...
  [slim] Loading vectors for 63002 upper-layer nodes (30MB, skipping 488MB)
  [slim] Loaded graph structure from output/test1m_graph.bin (1000000 nodes, 63002 upper)
[DiskHNSW] Graph: 1000000 nodes, dim=128, max_level=5, entry_point=572119
[DiskHNSW] Loading BFS order from output/test1m_bfs.bin...
[DiskHNSW] BFS mapping loaded: 1000000 entries
[DiskHNSW] BlockCache (pluggable) initialized
[GraphPrefetcher] Initialized: ring_size=512, block_size=262144, odirect=yes, fd=3
[DiskHNSW] Graph-guided prefetch enabled (io_uring, odirect=yes)

=== F2-batch-8: c1024+GP (non-blocking) ===
  Recall@HNSW:  18.3%
  Mean:         2.86802 ms
  P50:          2.86802 ms
  P95:          2.86802 ms
  P99:          2.86802 ms
  QPS:          348.672
  Cache hit:    99.6744%
  RSS:          331 MB
  Graph PF:     submitted=801 skipped=102874 failed=0

[F2-batch-16] c1024+GP, batch non-blocking (bs=16)...
[BfsLayoutProvider] Loaded route table: 1000000 entries, 2225 blocks
[BlockCache] Initialized: block_size=262144, num_blocks=2225, cache_slots=1024, dim=128, layout=bfs, policy=lru, io_mode=direct
[DiskHNSW] Loading graph structure (slim) from output/test1m_graph.bin...
  [slim] Loading vectors for 63002 upper-layer nodes (30MB, skipping 488MB)
  [slim] Loaded graph structure from output/test1m_graph.bin (1000000 nodes, 63002 upper)
[DiskHNSW] Graph: 1000000 nodes, dim=128, max_level=5, entry_point=572119
[DiskHNSW] Loading BFS order from output/test1m_bfs.bin...
[DiskHNSW] BFS mapping loaded: 1000000 entries
[DiskHNSW] BlockCache (pluggable) initialized
[GraphPrefetcher] Initialized: ring_size=512, block_size=262144, odirect=yes, fd=3
[DiskHNSW] Graph-guided prefetch enabled (io_uring, odirect=yes)

=== F2-batch-16: c1024+GP (non-blocking) ===
  Recall@HNSW:  18.3%
  Mean:         3.63427 ms
  P50:          3.63427 ms
  P95:          3.63427 ms
  P99:          3.63427 ms
  QPS:          275.159
  Cache hit:    99.6744%
  RSS:          331 MB
  Graph PF:     submitted=801 skipped=102874 failed=0


=== SUMMARY ===
| Config | Mean(ms) | P99(ms) | QPS | Hit% | R@HNSW | PF_sub | PF_skip | PF_fail |
|--------|----------|---------|-----|------|--------|-------------|------------|
| F0: Full-mem | 2.1024 | 6.56268 | 475.572 | 99.3351 | 100 | 0 | 0 | 0 |
| F2-single: c1024+GP (blocking) | 2.67723 | 6.66611 | 373.507 | 99.6744 | 18.3 | 801 | 102874 | 0 |
| F2-batch-4: c1024+GP (non-blocking) | 2.75287 | 2.75287 | 363.257 | 99.6744 | 18.3 | 801 | 102874 | 0 |
| F2-batch-8: c1024+GP (non-blocking) | 2.86802 | 2.86802 | 348.672 | 99.6744 | 18.3 | 801 | 102874 | 0 |
| F2-batch-16: c1024+GP (non-blocking) | 3.63427 | 3.63427 | 275.159 | 99.6744 | 18.3 | 801 | 102874 | 0 |
