# Task: 1.0 Build HNSW Index (1M synthetic dataset)
# 开始时间: 2026-07-22 15:51 (GMT+3)
# 结束时间: 2026-07-22 16:23 (GMT+3)
# 耗时: 28m34s
# 命令: ./build/build_index data/test_1m.fvecs output/test1m_index.bin 16 200

=== 输出 ===

Reading data from data/test_1m.fvecs...
  Data: 1000000 vectors, dim=128, 0.265878s
Building HNSW index (M=16, ef_construction=200)...
  Inserted 100000/1000000...
  Inserted 200000/1000000...
  Inserted 300000/1000000...
  Inserted 400000/1000000...
  Inserted 500000/1000000...
  Inserted 600000/1000000...
  Inserted 700000/1000000...
  Inserted 800000/1000000...
  Inserted 900000/1000000...
  Inserted 1000000/1000000...
  Build complete in 1713.5s
Saving index to output/test1m_index.bin...

=== Index Statistics ===
  Elements: 1000000
  Max elements: 1000000
  M: 16
  ef_construction: 200
Done.

real	28m34.233s
user	28m31.192s
sys	0m2.338s

# 状态: SUCCESS
# 产出文件: output/test1m_index.bin (630M)
# 数据集: 合成 1M 向量 (128维, Gaussian随机分布, seed=42)
# 备注: 同时已下载 SIFT1M HDF5 并转换为 fvecs (data/sift_base.fvecs, 492.1MB)，后续可替换为真实数据
